Archive member included to satisfy reference by file (symbol)

c:/ac6/systemworkbench/plugins/fr.ac6.mcu.externaltools.arm-none.win32_1.13.3.201707031232/tools/compiler/bin/../lib/gcc/arm-none-eabi/5.4.1/armv6-m\libgcc.a(_udivsi3.o)
                              Drivers/STM32L0xx_HAL_Driver/Src/stm32l0xx_hal.o (__aeabi_uidiv)
c:/ac6/systemworkbench/plugins/fr.ac6.mcu.externaltools.arm-none.win32_1.13.3.201707031232/tools/compiler/bin/../lib/gcc/arm-none-eabi/5.4.1/armv6-m\libgcc.a(_dvmd_tls.o)
                              c:/ac6/systemworkbench/plugins/fr.ac6.mcu.externaltools.arm-none.win32_1.13.3.201707031232/tools/compiler/bin/../lib/gcc/arm-none-eabi/5.4.1/armv6-m\libgcc.a(_udivsi3.o) (__aeabi_idiv0)
c:/ac6/systemworkbench/plugins/fr.ac6.mcu.externaltools.arm-none.win32_1.13.3.201707031232/tools/compiler/bin/../lib/gcc/arm-none-eabi/5.4.1/armv6-m\libgcc.a(_aeabi_uldivmod.o)
                              Drivers/STM32L0xx_HAL_Driver/Src/stm32l0xx_hal_uart.o (__aeabi_uldivmod)
c:/ac6/systemworkbench/plugins/fr.ac6.mcu.externaltools.arm-none.win32_1.13.3.201707031232/tools/compiler/bin/../lib/gcc/arm-none-eabi/5.4.1/armv6-m\libgcc.a(_udivmoddi4.o)
                              c:/ac6/systemworkbench/plugins/fr.ac6.mcu.externaltools.arm-none.win32_1.13.3.201707031232/tools/compiler/bin/../lib/gcc/arm-none-eabi/5.4.1/armv6-m\libgcc.a(_aeabi_uldivmod.o) (__udivmoddi4)
c:/ac6/systemworkbench/plugins/fr.ac6.mcu.externaltools.arm-none.win32_1.13.3.201707031232/tools/compiler/bin/../lib/gcc/arm-none-eabi/5.4.1/armv6-m\libgcc.a(adddf3.o)
                              Src/HTS221.o (__aeabi_dadd)
c:/ac6/systemworkbench/plugins/fr.ac6.mcu.externaltools.arm-none.win32_1.13.3.201707031232/tools/compiler/bin/../lib/gcc/arm-none-eabi/5.4.1/armv6-m\libgcc.a(divdf3.o)
                              Src/HTS221.o (__aeabi_ddiv)
c:/ac6/systemworkbench/plugins/fr.ac6.mcu.externaltools.arm-none.win32_1.13.3.201707031232/tools/compiler/bin/../lib/gcc/arm-none-eabi/5.4.1/armv6-m\libgcc.a(muldf3.o)
                              Src/HTS221.o (__aeabi_dmul)
c:/ac6/systemworkbench/plugins/fr.ac6.mcu.externaltools.arm-none.win32_1.13.3.201707031232/tools/compiler/bin/../lib/gcc/arm-none-eabi/5.4.1/armv6-m\libgcc.a(subdf3.o)
                              Src/HTS221.o (__aeabi_dsub)
c:/ac6/systemworkbench/plugins/fr.ac6.mcu.externaltools.arm-none.win32_1.13.3.201707031232/tools/compiler/bin/../lib/gcc/arm-none-eabi/5.4.1/armv6-m\libgcc.a(fixdfsi.o)
                              Src/main.o (__aeabi_d2iz)
c:/ac6/systemworkbench/plugins/fr.ac6.mcu.externaltools.arm-none.win32_1.13.3.201707031232/tools/compiler/bin/../lib/gcc/arm-none-eabi/5.4.1/armv6-m\libgcc.a(floatsidf.o)
                              Src/HTS221.o (__aeabi_i2d)
c:/ac6/systemworkbench/plugins/fr.ac6.mcu.externaltools.arm-none.win32_1.13.3.201707031232/tools/compiler/bin/../lib/gcc/arm-none-eabi/5.4.1/armv6-m\libgcc.a(_clzsi2.o)
                              c:/ac6/systemworkbench/plugins/fr.ac6.mcu.externaltools.arm-none.win32_1.13.3.201707031232/tools/compiler/bin/../lib/gcc/arm-none-eabi/5.4.1/armv6-m\libgcc.a(adddf3.o) (__clzsi2)
c:/ac6/systemworkbench/plugins/fr.ac6.mcu.externaltools.arm-none.win32_1.13.3.201707031232/tools/compiler/bin/../lib/gcc/arm-none-eabi/5.4.1/armv6-m\libgcc.a(_clzdi2.o)
                              c:/ac6/systemworkbench/plugins/fr.ac6.mcu.externaltools.arm-none.win32_1.13.3.201707031232/tools/compiler/bin/../lib/gcc/arm-none-eabi/5.4.1/armv6-m\libgcc.a(_udivmoddi4.o) (__clzdi2)
c:/ac6/systemworkbench/plugins/fr.ac6.mcu.externaltools.arm-none.win32_1.13.3.201707031232/tools/compiler/bin/../lib/gcc/arm-none-eabi/5.4.1/../../../../arm-none-eabi/lib/armv6-m\libc_nano.a(lib_a-exit.o)
                              c:/ac6/systemworkbench/plugins/fr.ac6.mcu.externaltools.arm-none.win32_1.13.3.201707031232/tools/compiler/bin/../lib/gcc/arm-none-eabi/5.4.1/../../../../arm-none-eabi/lib/armv6-m/crt0.o (exit)
c:/ac6/systemworkbench/plugins/fr.ac6.mcu.externaltools.arm-none.win32_1.13.3.201707031232/tools/compiler/bin/../lib/gcc/arm-none-eabi/5.4.1/../../../../arm-none-eabi/lib/armv6-m\libc_nano.a(lib_a-impure.o)
                              c:/ac6/systemworkbench/plugins/fr.ac6.mcu.externaltools.arm-none.win32_1.13.3.201707031232/tools/compiler/bin/../lib/gcc/arm-none-eabi/5.4.1/../../../../arm-none-eabi/lib/armv6-m\libc_nano.a(lib_a-exit.o) (_global_impure_ptr)
c:/ac6/systemworkbench/plugins/fr.ac6.mcu.externaltools.arm-none.win32_1.13.3.201707031232/tools/compiler/bin/../lib/gcc/arm-none-eabi/5.4.1/../../../../arm-none-eabi/lib/armv6-m\libc_nano.a(lib_a-init.o)
                              c:/ac6/systemworkbench/plugins/fr.ac6.mcu.externaltools.arm-none.win32_1.13.3.201707031232/tools/compiler/bin/../lib/gcc/arm-none-eabi/5.4.1/../../../../arm-none-eabi/lib/armv6-m/crt0.o (__libc_init_array)
[...]
Memory Configuration

Name             Origin             Length             Attributes
RAM              0x20000000         0x00002000         xrw
FLASH            0x08000000         0x00010000         xr
*default*        0x00000000         0xffffffff

Linker script and memory map

LOAD c:/ac6/systemworkbench/plugins/fr.ac6.mcu.externaltools.arm-none.win32_1.13.3.201707031232/tools/compiler/bin/../lib/gcc/arm-none-eabi/5.4.1/armv6-m/crti.o
LOAD c:/ac6/systemworkbench/plugins/fr.ac6.mcu.externaltools.arm-none.win32_1.13.3.201707031232/tools/compiler/bin/../lib/gcc/arm-none-eabi/5.4.1/armv6-m/crtbegin.o
LOAD c:/ac6/systemworkbench/plugins/fr.ac6.mcu.externaltools.arm-none.win32_1.13.3.201707031232/tools/compiler/bin/../lib/gcc/arm-none-eabi/5.4.1/../../../../arm-none-eabi/lib/armv6-m/crt0.o
LOAD Drivers/STM32L0xx_HAL_Driver/Src/stm32l0xx_hal.o
LOAD Drivers/STM32L0xx_HAL_Driver/Src/stm32l0xx_hal_cortex.o
LOAD Drivers/STM32L0xx_HAL_Driver/Src/stm32l0xx_hal_dma.o
LOAD Drivers/STM32L0xx_HAL_Driver/Src/stm32l0xx_hal_flash.o
LOAD Drivers/STM32L0xx_HAL_Driver/Src/stm32l0xx_hal_flash_ex.o
LOAD Drivers/STM32L0xx_HAL_Driver/Src/stm32l0xx_hal_flash_ramfunc.o
LOAD Drivers/STM32L0xx_HAL_Driver/Src/stm32l0xx_hal_gpio.o
LOAD Drivers/STM32L0xx_HAL_Driver/Src/stm32l0xx_hal_i2c.o
LOAD Drivers/STM32L0xx_HAL_Driver/Src/stm32l0xx_hal_i2c_ex.o
LOAD Drivers/STM32L0xx_HAL_Driver/Src/stm32l0xx_hal_irda.o
LOAD Drivers/STM32L0xx_HAL_Driver/Src/stm32l0xx_hal_pwr.o
LOAD Drivers/STM32L0xx_HAL_Driver/Src/stm32l0xx_hal_pwr_ex.o
LOAD Drivers/STM32L0xx_HAL_Driver/Src/stm32l0xx_hal_rcc.o
LOAD Drivers/STM32L0xx_HAL_Driver/Src/stm32l0xx_hal_rcc_ex.o
LOAD Drivers/STM32L0xx_HAL_Driver/Src/stm32l0xx_hal_rtc.o
LOAD Drivers/STM32L0xx_HAL_Driver/Src/stm32l0xx_hal_rtc_ex.o
LOAD Drivers/STM32L0xx_HAL_Driver/Src/stm32l0xx_hal_tim.o
LOAD Drivers/STM32L0xx_HAL_Driver/Src/stm32l0xx_hal_tim_ex.o
LOAD Drivers/STM32L0xx_HAL_Driver/Src/stm32l0xx_hal_uart.o
LOAD Drivers/STM32L0xx_HAL_Driver/Src/stm32l0xx_hal_uart_ex.o
LOAD Middlewares/Third_Party/FreeRTOS/Source/CMSIS_RTOS/cmsis_os.o
LOAD Middlewares/Third_Party/FreeRTOS/Source/croutine.o
LOAD Middlewares/Third_Party/FreeRTOS/Source/event_groups.o
LOAD Middlewares/Third_Party/FreeRTOS/Source/list.o
LOAD Middlewares/Third_Party/FreeRTOS/Source/queue.o
LOAD Middlewares/Third_Party/FreeRTOS/Source/tasks.o
LOAD Middlewares/Third_Party/FreeRTOS/Source/timers.o
LOAD Middlewares/Third_Party/FreeRTOS/Source/portable/GCC/ARM_CM0/port.o
LOAD Middlewares/Third_Party/FreeRTOS/Source/portable/MemMang/heap_4.o
LOAD Src/HTS221.o
LOAD Src/freertos.o
LOAD Src/main.o
LOAD Src/stm32l0xx_hal_msp.o
LOAD Src/stm32l0xx_it.o
LOAD Src/system_stm32l0xx.o
LOAD startup/startup_stm32l053xx.o
LOAD c:/ac6/systemworkbench/plugins/fr.ac6.mcu.externaltools.arm-none.win32_1.13.3.201707031232/tools/compiler/bin/../lib/gcc/arm-none-eabi/5.4.1/../../../../arm-none-eabi/lib/armv6-m\libm.a
START GROUP
LOAD c:/ac6/systemworkbench/plugins/fr.ac6.mcu.externaltools.arm-none.win32_1.13.3.201707031232/tools/compiler/bin/../lib/gcc/arm-none-eabi/5.4.1/armv6-m\libgcc.a
LOAD c:/ac6/systemworkbench/plugins/fr.ac6.mcu.externaltools.arm-none.win32_1.13.3.201707031232/tools/compiler/bin/../lib/gcc/arm-none-eabi/5.4.1/../../../../arm-none-eabi/lib/armv6-m\libc_nano.a
END GROUP
START GROUP
LOAD c:/ac6/systemworkbench/plugins/fr.ac6.mcu.externaltools.arm-none.win32_1.13.3.201707031232/tools/compiler/bin/../lib/gcc/arm-none-eabi/5.4.1/armv6-m\libgcc.a
LOAD c:/ac6/systemworkbench/plugins/fr.ac6.mcu.externaltools.arm-none.win32_1.13.3.201707031232/tools/compiler/bin/../lib/gcc/arm-none-eabi/5.4.1/../../../../arm-none-eabi/lib/armv6-m\libc_nano.a
LOAD c:/ac6/systemworkbench/plugins/fr.ac6.mcu.externaltools.arm-none.win32_1.13.3.201707031232/tools/compiler/bin/../lib/gcc/arm-none-eabi/5.4.1/../../../../arm-none-eabi/lib/armv6-m\libnosys.a
END GROUP
START GROUP
LOAD c:/ac6/systemworkbench/plugins/fr.ac6.mcu.externaltools.arm-none.win32_1.13.3.201707031232/tools/compiler/bin/../lib/gcc/arm-none-eabi/5.4.1/armv6-m\libgcc.a
LOAD c:/ac6/systemworkbench/plugins/fr.ac6.mcu.externaltools.arm-none.win32_1.13.3.201707031232/tools/compiler/bin/../lib/gcc/arm-none-eabi/5.4.1/../../../../arm-none-eabi/lib/armv6-m\libc_nano.a
LOAD c:/ac6/systemworkbench/plugins/fr.ac6.mcu.externaltools.arm-none.win32_1.13.3.201707031232/tools/compiler/bin/../lib/gcc/arm-none-eabi/5.4.1/../../../../arm-none-eabi/lib/armv6-m\libnosys.a
END GROUP
LOAD c:/ac6/systemworkbench/plugins/fr.ac6.mcu.externaltools.arm-none.win32_1.13.3.201707031232/tools/compiler/bin/../lib/gcc/arm-none-eabi/5.4.1/armv6-m/crtend.o
LOAD c:/ac6/systemworkbench/plugins/fr.ac6.mcu.externaltools.arm-none.win32_1.13.3.201707031232/tools/compiler/bin/../lib/gcc/arm-none-eabi/5.4.1/armv6-m/crtn.o
                0x20002000                _estack = 0x20002000
                0x00000200                _Min_Heap_Size = 0x200
                0x00000400                _Min_Stack_Size = 0x400

.isr_vector     0x08000000       0xc0
                0x08000000                . = ALIGN (0x4)
 *(.isr_vector)
 .isr_vector    0x08000000       0xc0 startup/startup_stm32l053xx.o
                0x08000000                g_pfnVectors
                0x080000c0                . = ALIGN (0x4)

.text           0x080000c0     0x62ac
                0x080000c0                . = ALIGN (0x4)
 *(.text)
 .text          0x080000c0       0x60 c:/ac6/systemworkbench/plugins/fr.ac6.mcu.externaltools.arm-none.win32_1.13.3.201707031232/tools/compiler/bin/../lib/gcc/arm-none-eabi/5.4.1/armv6-m/crtbegin.o
 .text          0x08000120      0x114 c:/ac6/systemworkbench/plugins/fr.ac6.mcu.externaltools.arm-none.win32_1.13.3.201707031232/tools/compiler/bin/../lib/gcc/arm-none-eabi/5.4.1/armv6-m\libgcc.a(_udivsi3.o)
                0x08000120                __aeabi_uidiv
                0x08000120                __udivsi3
                0x0800022c                __aeabi_uidivmod
 .text          0x08000234        0x4 c:/ac6/systemworkbench/plugins/fr.ac6.mcu.externaltools.arm-none.win32_1.13.3.201707031232/tools/compiler/bin/../lib/gcc/arm-none-eabi/5.4.1/armv6-m\libgcc.a(_dvmd_tls.o)
                0x08000234                __aeabi_idiv0
                0x08000234                __aeabi_ldiv0
 .text          0x08000238       0x40 c:/ac6/systemworkbench/plugins/fr.ac6.mcu.externaltools.arm-none.win32_1.13.3.201707031232/tools/compiler/bin/../lib/gcc/arm-none-eabi/5.4.1/armv6-m\libgcc.a(_aeabi_uldivmod.o)
                0x08000238                __aeabi_uldivmod
 .text          0x08000278      0x180 c:/ac6/systemworkbench/plugins/fr.ac6.mcu.externaltools.arm-none.win32_1.13.3.201707031232/tools/compiler/bin/../lib/gcc/arm-none-eabi/5.4.1/armv6-m\libgcc.a(_udivmoddi4.o)
                0x08000278                __udivmoddi4
 .text          0x080003f8      0x658 c:/ac6/systemworkbench/plugins/fr.ac6.mcu.externaltools.arm-none.win32_1.13.3.201707031232/tools/compiler/bin/../lib/gcc/arm-none-eabi/5.4.1/armv6-m\libgcc.a(adddf3.o)
                0x080003f8                __aeabi_dadd
 .text          0x08000a50      0x62c c:/ac6/systemworkbench/plugins/fr.ac6.mcu.externaltools.arm-none.win32_1.13.3.201707031232/tools/compiler/bin/../lib/gcc/arm-none-eabi/5.4.1/armv6-m\libgcc.a(divdf3.o)
                0x08000a50                __aeabi_ddiv
 .text          0x0800107c      0x4f4 c:/ac6/systemworkbench/plugins/fr.ac6.mcu.externaltools.arm-none.win32_1.13.3.201707031232/tools/compiler/bin/../lib/gcc/arm-none-eabi/5.4.1/armv6-m\libgcc.a(muldf3.o)
                0x0800107c                __aeabi_dmul
 .text          0x08001570      0x6a8 c:/ac6/systemworkbench/plugins/fr.ac6.mcu.externaltools.arm-none.win32_1.13.3.201707031232/tools/compiler/bin/../lib/gcc/arm-none-eabi/5.4.1/armv6-m\libgcc.a(subdf3.o)
                0x08001570                __aeabi_dsub
 .text          0x08001c18       0x6c c:/ac6/systemworkbench/plugins/fr.ac6.mcu.externaltools.arm-none.win32_1.13.3.201707031232/tools/compiler/bin/../lib/gcc/arm-none-eabi/5.4.1/armv6-m\libgcc.a(fixdfsi.o)
                0x08001c18                __aeabi_d2iz
 .text          0x08001c84       0x84 c:/ac6/systemworkbench/plugins/fr.ac6.mcu.externaltools.arm-none.win32_1.13.3.201707031232/tools/compiler/bin/../lib/gcc/arm-none-eabi/5.4.1/armv6-m\libgcc.a(floatsidf.o)
                0x08001c84                __aeabi_i2d
 .text          0x08001d08       0x3c c:/ac6/systemworkbench/plugins/fr.ac6.mcu.externaltools.arm-none.win32_1.13.3.201707031232/tools/compiler/bin/../lib/gcc/arm-none-eabi/5.4.1/armv6-m\libgcc.a(_clzsi2.o)
                0x08001d08                __clzsi2
 .text          0x08001d44       0x18 c:/ac6/systemworkbench/plugins/fr.ac6.mcu.externaltools.arm-none.win32_1.13.3.201707031232/tools/compiler/bin/../lib/gcc/arm-none-eabi/5.4.1/armv6-m\libgcc.a(_clzdi2.o)
                0x08001d44                __clzdi2
 .text          0x08001d5c        0xe c:/ac6/systemworkbench/plugins/fr.ac6.mcu.externaltools.arm-none.win32_1.13.3.201707031232/tools/compiler/bin/../lib/gcc/arm-none-eabi/5.4.1/../../../../arm-none-eabi/lib/armv6-m\libc_nano.a(lib_a-strlen.o)
                0x08001d5c                strlen
 *(.text*)
 *fill*         0x08001d6a        0x2 
 .text.HAL_InitTick
                0x08001d6c       0x28 Drivers/STM32L0xx_HAL_Driver/Src/stm32l0xx_hal.o
                0x08001d6c                HAL_InitTick
 .text.HAL_Init
                0x08001d94       0x20 Drivers/STM32L0xx_HAL_Driver/Src/stm32l0xx_hal.o
                0x08001d94                HAL_Init
 .text.HAL_IncTick
                0x08001db4       0x10 Drivers/STM32L0xx_HAL_Driver/Src/stm32l0xx_hal.o
                0x08001db4                HAL_IncTick
 .text.HAL_GetTick
                0x08001dc4        0xc Drivers/STM32L0xx_HAL_Driver/Src/stm32l0xx_hal.o
                0x08001dc4                HAL_GetTick
 .text.HAL_SuspendTick
                0x08001dd0       0x10 Drivers/STM32L0xx_HAL_Driver/Src/stm32l0xx_hal.o
                0x08001dd0                HAL_SuspendTick
 .text.HAL_ResumeTick
                0x08001de0       0x10 Drivers/STM32L0xx_HAL_Driver/Src/stm32l0xx_hal.o
                0x08001de0                HAL_ResumeTick
 .text.HAL_NVIC_SetPriority
                0x08001df0       0x64 Drivers/STM32L0xx_HAL_Driver/Src/stm32l0xx_hal_cortex.o
                0x08001df0                HAL_NVIC_SetPriority
 .text.HAL_SYSTICK_Config
                0x08001e54       0x38 Drivers/STM32L0xx_HAL_Driver/Src/stm32l0xx_hal_cortex.o
                0x08001e54                HAL_SYSTICK_Config
 .text.HAL_SYSTICK_CLKSourceConfig
                0x08001e8c       0x20 Drivers/STM32L0xx_HAL_Driver/Src/stm32l0xx_hal_cortex.o
                0x08001e8c                HAL_SYSTICK_CLKSourceConfig
 .text.HAL_GPIO_Init
                0x08001eac      0x194 Drivers/STM32L0xx_HAL_Driver/Src/stm32l0xx_hal_gpio.o
                0x08001eac                HAL_GPIO_Init
 .text.HAL_GPIO_WritePin
                0x08002040        0xc Drivers/STM32L0xx_HAL_Driver/Src/stm32l0xx_hal_gpio.o
                0x08002040                HAL_GPIO_WritePin
 .text.HAL_GPIO_TogglePin
                0x0800204c        0x8 Drivers/STM32L0xx_HAL_Driver/Src/stm32l0xx_hal_gpio.o
                0x0800204c                HAL_GPIO_TogglePin
 .text.I2C_Flush_TXDR
                0x08002054       0x20 Drivers/STM32L0xx_HAL_Driver/Src/stm32l0xx_hal_i2c.o
 .text.I2C_TransferConfig
                0x08002074       0x24 Drivers/STM32L0xx_HAL_Driver/Src/stm32l0xx_hal_i2c.o
 .text.I2C_IsAcknowledgeFailed
                0x08002098       0x78 Drivers/STM32L0xx_HAL_Driver/Src/stm32l0xx_hal_i2c.o
 .text.I2C_WaitOnTXISFlagUntilTimeout
                0x08002110       0x54 Drivers/STM32L0xx_HAL_Driver/Src/stm32l0xx_hal_i2c.o
 .text.I2C_WaitOnFlagUntilTimeout
                0x08002164       0x4c Drivers/STM32L0xx_HAL_Driver/Src/stm32l0xx_hal_i2c.o
 .text.I2C_RequestMemoryWrite
                0x080021b0       0x84 Drivers/STM32L0xx_HAL_Driver/Src/stm32l0xx_hal_i2c.o
 .text.I2C_RequestMemoryRead
                0x08002234       0x84 Drivers/STM32L0xx_HAL_Driver/Src/stm32l0xx_hal_i2c.o
 .text.I2C_WaitOnSTOPFlagUntilTimeout
                0x080022b8       0x50 Drivers/STM32L0xx_HAL_Driver/Src/stm32l0xx_hal_i2c.o
 .text.HAL_I2C_Init
                0x08002308       0xc8 Drivers/STM32L0xx_HAL_Driver/Src/stm32l0xx_hal_i2c.o
                0x08002308                HAL_I2C_Init
 .text.HAL_I2C_Mem_Write
                0x080023d0      0x1c8 Drivers/STM32L0xx_HAL_Driver/Src/stm32l0xx_hal_i2c.o
                0x080023d0                HAL_I2C_Mem_Write
 .text.HAL_I2C_Mem_Read
                0x08002598      0x1d0 Drivers/STM32L0xx_HAL_Driver/Src/stm32l0xx_hal_i2c.o
                0x08002598                HAL_I2C_Mem_Read
 .text.HAL_I2CEx_ConfigAnalogFilter
                0x08002768       0x58 Drivers/STM32L0xx_HAL_Driver/Src/stm32l0xx_hal_i2c_ex.o
                0x08002768                HAL_I2CEx_ConfigAnalogFilter
 .text.HAL_I2CEx_ConfigDigitalFilter
                0x080027c0       0x54 Drivers/STM32L0xx_HAL_Driver/Src/stm32l0xx_hal_i2c_ex.o
                0x080027c0                HAL_I2CEx_ConfigDigitalFilter
 .text.IRDA_SetConfig
                0x08002814      0x194 Drivers/STM32L0xx_HAL_Driver/Src/stm32l0xx_hal_irda.o
 .text.IRDA_WaitOnFlagUntilTimeout
                0x080029a8       0x6c Drivers/STM32L0xx_HAL_Driver/Src/stm32l0xx_hal_irda.o
 .text.IRDA_CheckIdleState
                0x08002a14       0x70 Drivers/STM32L0xx_HAL_Driver/Src/stm32l0xx_hal_irda.o
 .text.HAL_IRDA_Init
                0x08002a84       0x6c Drivers/STM32L0xx_HAL_Driver/Src/stm32l0xx_hal_irda.o
                0x08002a84                HAL_IRDA_Init
 .text.HAL_PWR_EnterSLEEPMode
                0x08002af0       0x30 Drivers/STM32L0xx_HAL_Driver/Src/stm32l0xx_hal_pwr.o
                0x08002af0                HAL_PWR_EnterSLEEPMode
 .text.RCC_SetFlashLatencyFromMSIRange
                0x08002b20       0x88 Drivers/STM32L0xx_HAL_Driver/Src/stm32l0xx_hal_rcc.o
 .text.HAL_RCC_OscConfig
                0x08002ba8      0x5b8 Drivers/STM32L0xx_HAL_Driver/Src/stm32l0xx_hal_rcc.o
                0x08002ba8                HAL_RCC_OscConfig
 .text.HAL_RCC_GetSysClockFreq
                0x08003160       0x94 Drivers/STM32L0xx_HAL_Driver/Src/stm32l0xx_hal_rcc.o
                0x08003160                HAL_RCC_GetSysClockFreq
 .text.HAL_RCC_ClockConfig
                0x080031f4      0x1b4 Drivers/STM32L0xx_HAL_Driver/Src/stm32l0xx_hal_rcc.o
                0x080031f4                HAL_RCC_ClockConfig
 .text.HAL_RCC_GetHCLKFreq
                0x080033a8        0xc Drivers/STM32L0xx_HAL_Driver/Src/stm32l0xx_hal_rcc.o
                0x080033a8                HAL_RCC_GetHCLKFreq
 .text.HAL_RCC_GetPCLK1Freq
                0x080033b4       0x20 Drivers/STM32L0xx_HAL_Driver/Src/stm32l0xx_hal_rcc.o
                0x080033b4                HAL_RCC_GetPCLK1Freq
 .text.HAL_RCC_GetPCLK2Freq
                0x080033d4       0x20 Drivers/STM32L0xx_HAL_Driver/Src/stm32l0xx_hal_rcc.o
                0x080033d4                HAL_RCC_GetPCLK2Freq
 .text.HAL_RCCEx_PeriphCLKConfig
                0x080033f4      0x1ec Drivers/STM32L0xx_HAL_Driver/Src/stm32l0xx_hal_rcc_ex.o
                0x080033f4                HAL_RCCEx_PeriphCLKConfig
 .text.HAL_RCCEx_GetPeriphCLKFreq
                0x080035e0      0x278 Drivers/STM32L0xx_HAL_Driver/Src/stm32l0xx_hal_rcc_ex.o
                0x080035e0                HAL_RCCEx_GetPeriphCLKFreq
 .text.HAL_RTC_WaitForSynchro
                0x08003858       0x34 Drivers/STM32L0xx_HAL_Driver/Src/stm32l0xx_hal_rtc.o
                0x08003858                HAL_RTC_WaitForSynchro
 .text.RTC_EnterInitMode
                0x0800388c       0x3c Drivers/STM32L0xx_HAL_Driver/Src/stm32l0xx_hal_rtc.o
                0x0800388c                RTC_EnterInitMode
 .text.HAL_RTC_Init
                0x080038c8       0xac Drivers/STM32L0xx_HAL_Driver/Src/stm32l0xx_hal_rtc.o
                0x080038c8                HAL_RTC_Init
 .text.RTC_ByteToBcd2
                0x08003974       0x18 Drivers/STM32L0xx_HAL_Driver/Src/stm32l0xx_hal_rtc.o
                0x08003974                RTC_ByteToBcd2
 .text.HAL_RTC_SetTime
                0x0800398c      0x10c Drivers/STM32L0xx_HAL_Driver/Src/stm32l0xx_hal_rtc.o
                0x0800398c                HAL_RTC_SetTime
 .text.HAL_RTC_SetDate
                0x08003a98       0xec Drivers/STM32L0xx_HAL_Driver/Src/stm32l0xx_hal_rtc.o
                0x08003a98                HAL_RTC_SetDate
 .text.RTC_Bcd2ToByte
                0x08003b84       0x14 Drivers/STM32L0xx_HAL_Driver/Src/stm32l0xx_hal_rtc.o
                0x08003b84                RTC_Bcd2ToByte
 .text.HAL_RTC_GetTime
                0x08003b98       0x58 Drivers/STM32L0xx_HAL_Driver/Src/stm32l0xx_hal_rtc.o
                0x08003b98                HAL_RTC_GetTime
 .text.HAL_RTC_GetDate
                0x08003bf0       0x48 Drivers/STM32L0xx_HAL_Driver/Src/stm32l0xx_hal_rtc.o
                0x08003bf0                HAL_RTC_GetDate
 .text.HAL_RTCEx_SetWakeUpTimer_IT
                0x08003c38      0x114 Drivers/STM32L0xx_HAL_Driver/Src/stm32l0xx_hal_rtc_ex.o
                0x08003c38                HAL_RTCEx_SetWakeUpTimer_IT
 .text.HAL_RTCEx_WakeUpTimerEventCallback
                0x08003d4c        0x4 Drivers/STM32L0xx_HAL_Driver/Src/stm32l0xx_hal_rtc_ex.o
                0x08003d4c                HAL_RTCEx_WakeUpTimerEventCallback
 .text.HAL_RTCEx_WakeUpTimerIRQHandler
                0x08003d50       0x38 Drivers/STM32L0xx_HAL_Driver/Src/stm32l0xx_hal_rtc_ex.o
                0x08003d50                HAL_RTCEx_WakeUpTimerIRQHandler
 .text.HAL_RTCEx_BKUPWrite
                0x08003d88        0xc Drivers/STM32L0xx_HAL_Driver/Src/stm32l0xx_hal_rtc_ex.o
                0x08003d88                HAL_RTCEx_BKUPWrite
 .text.HAL_RTCEx_BKUPRead
                0x08003d94        0xc Drivers/STM32L0xx_HAL_Driver/Src/stm32l0xx_hal_rtc_ex.o
                0x08003d94                HAL_RTCEx_BKUPRead
 .text.UART_SetConfig
                0x08003da0      0x340 Drivers/STM32L0xx_HAL_Driver/Src/stm32l0xx_hal_uart.o
                0x08003da0                UART_SetConfig
 .text.UART_AdvFeatureConfig
                0x080040e0       0xe0 Drivers/STM32L0xx_HAL_Driver/Src/stm32l0xx_hal_uart.o
                0x080040e0                UART_AdvFeatureConfig
 .text.UART_WaitOnFlagUntilTimeout
                0x080041c0       0x6c Drivers/STM32L0xx_HAL_Driver/Src/stm32l0xx_hal_uart.o
                0x080041c0                UART_WaitOnFlagUntilTimeout
 .text.HAL_UART_Transmit
                0x0800422c       0xe4 Drivers/STM32L0xx_HAL_Driver/Src/stm32l0xx_hal_uart.o
                0x0800422c                HAL_UART_Transmit
 .text.UART_CheckIdleState
                0x08004310       0x70 Drivers/STM32L0xx_HAL_Driver/Src/stm32l0xx_hal_uart.o
                0x08004310                UART_CheckIdleState
 .text.HAL_UART_Init
                0x08004380       0x6c Drivers/STM32L0xx_HAL_Driver/Src/stm32l0xx_hal_uart.o
                0x08004380                HAL_UART_Init
 .text.makeFreeRtosPriority
                0x080043ec        0xc Middlewares/Third_Party/FreeRTOS/Source/CMSIS_RTOS/cmsis_os.o
 .text.inHandlerMode
                0x080043f8        0xc Middlewares/Third_Party/FreeRTOS/Source/CMSIS_RTOS/cmsis_os.o
 .text.osKernelStart
                0x08004404        0xc Middlewares/Third_Party/FreeRTOS/Source/CMSIS_RTOS/cmsis_os.o
                0x08004404                osKernelStart
 .text.osKernelSysTick
                0x08004410       0x18 Middlewares/Third_Party/FreeRTOS/Source/CMSIS_RTOS/cmsis_os.o
                0x08004410                osKernelSysTick
 .text.osThreadCreate
                0x08004428       0x34 Middlewares/Third_Party/FreeRTOS/Source/CMSIS_RTOS/cmsis_os.o
                0x08004428                osThreadCreate
 .text.osSystickHandler
                0x0800445c       0x10 Middlewares/Third_Party/FreeRTOS/Source/CMSIS_RTOS/cmsis_os.o
                0x0800445c                osSystickHandler
 .text.osDelayUntil
                0x0800446c       0x10 Middlewares/Third_Party/FreeRTOS/Source/CMSIS_RTOS/cmsis_os.o
                0x0800446c                osDelayUntil
 .text.vListInitialise
                0x0800447c       0x18 Middlewares/Third_Party/FreeRTOS/Source/list.o
                0x0800447c                vListInitialise
 .text.vListInitialiseItem
                0x08004494        0x8 Middlewares/Third_Party/FreeRTOS/Source/list.o
                0x08004494                vListInitialiseItem
 .text.vListInsertEnd
                0x0800449c       0x18 Middlewares/Third_Party/FreeRTOS/Source/list.o
                0x0800449c                vListInsertEnd
 .text.vListInsert
                0x080044b4       0x30 Middlewares/Third_Party/FreeRTOS/Source/list.o
                0x080044b4                vListInsert
 .text.uxListRemove
                0x080044e4       0x24 Middlewares/Third_Party/FreeRTOS/Source/list.o
                0x080044e4                uxListRemove
 .text.prvIsQueueFull
                0x08004508       0x20 Middlewares/Third_Party/FreeRTOS/Source/queue.o
 .text.prvIsQueueEmpty
                0x08004528       0x1c Middlewares/Third_Party/FreeRTOS/Source/queue.o
 .text.prvCopyDataToQueue
                0x08004544       0x84 Middlewares/Third_Party/FreeRTOS/Source/queue.o
 .text.prvNotifyQueueSetContainer
                0x080045c8       0x64 Middlewares/Third_Party/FreeRTOS/Source/queue.o
 .text.prvCopyDataFromQueue
                0x0800462c       0x24 Middlewares/Third_Party/FreeRTOS/Source/queue.o
 .text.prvUnlockQueue
                0x08004650       0x88 Middlewares/Third_Party/FreeRTOS/Source/queue.o
 .text.xQueueGenericReset
                0x080046d8       0x6c Middlewares/Third_Party/FreeRTOS/Source/queue.o
                0x080046d8                xQueueGenericReset
 .text.prvInitialiseNewQueue
                0x08004744       0x28 Middlewares/Third_Party/FreeRTOS/Source/queue.o
 .text.xQueueGenericCreate
                0x0800476c       0x40 Middlewares/Third_Party/FreeRTOS/Source/queue.o
                0x0800476c                xQueueGenericCreate
 .text.xQueueGenericSend
                0x080047ac      0x160 Middlewares/Third_Party/FreeRTOS/Source/queue.o
                0x080047ac                xQueueGenericSend
 .text.xQueueGenericReceive
                0x0800490c      0x180 Middlewares/Third_Party/FreeRTOS/Source/queue.o
                0x0800490c                xQueueGenericReceive
 .text.prvResetNextTaskUnblockTime
                0x08004a8c       0x30 Middlewares/Third_Party/FreeRTOS/Source/tasks.o
 .text.prvDeleteTCB
                0x08004abc       0x14 Middlewares/Third_Party/FreeRTOS/Source/tasks.o
 .text.prvInitialiseNewTask
                0x08004ad0       0x9c Middlewares/Third_Party/FreeRTOS/Source/tasks.o
 .text.prvInitialiseTaskLists
                0x08004b6c       0x58 Middlewares/Third_Party/FreeRTOS/Source/tasks.o
 .text.prvAddNewTaskToReadyList
                0x08004bc4       0x94 Middlewares/Third_Party/FreeRTOS/Source/tasks.o
 .text.prvAddCurrentTaskToDelayedList
                0x08004c58       0x6c Middlewares/Third_Party/FreeRTOS/Source/tasks.o
 .text.xTaskCreate
                0x08004cc4       0x60 Middlewares/Third_Party/FreeRTOS/Source/tasks.o
                0x08004cc4                xTaskCreate
 .text.vTaskStartScheduler
                0x08004d24       0x54 Middlewares/Third_Party/FreeRTOS/Source/tasks.o
                0x08004d24                vTaskStartScheduler
 .text.vTaskSuspendAll
                0x08004d78       0x10 Middlewares/Third_Party/FreeRTOS/Source/tasks.o
                0x08004d78                vTaskSuspendAll
 .text.xTaskGetTickCount
                0x08004d88        0xc Middlewares/Third_Party/FreeRTOS/Source/tasks.o
                0x08004d88                xTaskGetTickCount
 .text.xTaskGetTickCountFromISR
                0x08004d94        0xc Middlewares/Third_Party/FreeRTOS/Source/tasks.o
                0x08004d94                xTaskGetTickCountFromISR
 .text.xTaskIncrementTick
                0x08004da0      0x104 Middlewares/Third_Party/FreeRTOS/Source/tasks.o
                0x08004da0                xTaskIncrementTick
 .text.xTaskResumeAll
                0x08004ea4       0xd4 Middlewares/Third_Party/FreeRTOS/Source/tasks.o
                0x08004ea4                xTaskResumeAll
 .text.vTaskDelayUntil
                0x08004f78       0x78 Middlewares/Third_Party/FreeRTOS/Source/tasks.o
                0x08004f78                vTaskDelayUntil
 .text.prvCheckTasksWaitingTermination
                0x08004ff0       0x50 Middlewares/Third_Party/FreeRTOS/Source/tasks.o
 .text.prvIdleTask
                0x08005040       0x18 Middlewares/Third_Party/FreeRTOS/Source/tasks.o
 .text.vTaskSwitchContext
                0x08005058       0x84 Middlewares/Third_Party/FreeRTOS/Source/tasks.o
                0x08005058                vTaskSwitchContext
 .text.vTaskPlaceOnEventList
                0x080050dc       0x24 Middlewares/Third_Party/FreeRTOS/Source/tasks.o
                0x080050dc                vTaskPlaceOnEventList
 .text.xTaskRemoveFromEventList
                0x08005100       0x78 Middlewares/Third_Party/FreeRTOS/Source/tasks.o
                0x08005100                xTaskRemoveFromEventList
 .text.vTaskSetTimeOutState
                0x08005178       0x18 Middlewares/Third_Party/FreeRTOS/Source/tasks.o
                0x08005178                vTaskSetTimeOutState
 .text.xTaskCheckForTimeOut
                0x08005190       0x64 Middlewares/Third_Party/FreeRTOS/Source/tasks.o
                0x08005190                xTaskCheckForTimeOut
 .text.vTaskMissedYield
                0x080051f4        0xc Middlewares/Third_Party/FreeRTOS/Source/tasks.o
                0x080051f4                vTaskMissedYield
 .text.xTaskGetSchedulerState
                0x08005200       0x20 Middlewares/Third_Party/FreeRTOS/Source/tasks.o
                0x08005200                xTaskGetSchedulerState
 .text.vTaskPriorityInherit
                0x08005220       0x80 Middlewares/Third_Party/FreeRTOS/Source/tasks.o
                0x08005220                vTaskPriorityInherit
 .text.xTaskPriorityDisinherit
                0x080052a0       0x74 Middlewares/Third_Party/FreeRTOS/Source/tasks.o
                0x080052a0                xTaskPriorityDisinherit
 .text.pvTaskIncrementMutexHeldCount
                0x08005314       0x1c Middlewares/Third_Party/FreeRTOS/Source/tasks.o
                0x08005314                pvTaskIncrementMutexHeldCount
 .text.prvTaskExitError
                0x08005330       0x14 Middlewares/Third_Party/FreeRTOS/Source/portable/GCC/ARM_CM0/port.o
 *fill*         0x08005344        0xc 
 .text.vPortStartFirstTask
                0x08005350       0x34 Middlewares/Third_Party/FreeRTOS/Source/portable/GCC/ARM_CM0/port.o
 .text.pxPortInitialiseStack
                0x08005384       0x20 Middlewares/Third_Party/FreeRTOS/Source/portable/GCC/ARM_CM0/port.o
                0x08005384                pxPortInitialiseStack
 .text.SVC_Handler
                0x080053a4        0x4 Middlewares/Third_Party/FreeRTOS/Source/portable/GCC/ARM_CM0/port.o
                0x080053a4                SVC_Handler
 .text.vPortYield
                0x080053a8       0x18 Middlewares/Third_Party/FreeRTOS/Source/portable/GCC/ARM_CM0/port.o
                0x080053a8                vPortYield
 .text.vPortEnterCritical
                0x080053c0       0x18 Middlewares/Third_Party/FreeRTOS/Source/portable/GCC/ARM_CM0/port.o
                0x080053c0                vPortEnterCritical
 .text.vPortExitCritical
                0x080053d8       0x20 Middlewares/Third_Party/FreeRTOS/Source/portable/GCC/ARM_CM0/port.o
                0x080053d8                vPortExitCritical
 .text.ulSetInterruptMaskFromISR
                0x080053f8        0xc Middlewares/Third_Party/FreeRTOS/Source/portable/GCC/ARM_CM0/port.o
                0x080053f8                ulSetInterruptMaskFromISR
 .text.vClearInterruptMaskFromISR
                0x08005404        0x8 Middlewares/Third_Party/FreeRTOS/Source/portable/GCC/ARM_CM0/port.o
                0x08005404                vClearInterruptMaskFromISR
 *fill*         0x0800540c        0x4 
 .text.PendSV_Handler
                0x08005410       0x44 Middlewares/Third_Party/FreeRTOS/Source/portable/GCC/ARM_CM0/port.o
                0x08005410                PendSV_Handler
 .text.xPortSysTickHandler
                0x08005454       0x24 Middlewares/Third_Party/FreeRTOS/Source/portable/GCC/ARM_CM0/port.o
                0x08005454                xPortSysTickHandler
 .text.vPortSetupTimerInterrupt
                0x08005478       0x28 Middlewares/Third_Party/FreeRTOS/Source/portable/GCC/ARM_CM0/port.o
                0x08005478                vPortSetupTimerInterrupt
 .text.xPortStartScheduler
                0x080054a0       0x34 Middlewares/Third_Party/FreeRTOS/Source/portable/GCC/ARM_CM0/port.o
                0x080054a0                xPortStartScheduler
 .text.prvHeapInit
                0x080054d4       0x50 Middlewares/Third_Party/FreeRTOS/Source/portable/MemMang/heap_4.o
 .text.prvInsertBlockIntoFreeList
                0x08005524       0x50 Middlewares/Third_Party/FreeRTOS/Source/portable/MemMang/heap_4.o
 .text.pvPortMalloc
                0x08005574       0xc4 Middlewares/Third_Party/FreeRTOS/Source/portable/MemMang/heap_4.o
                0x08005574                pvPortMalloc
 .text.vPortFree
                0x08005638       0x58 Middlewares/Third_Party/FreeRTOS/Source/portable/MemMang/heap_4.o
                0x08005638                vPortFree
 .text.HTS221_I2C_Read
                0x08005690       0x24 Src/HTS221.o
 .text.HTS221_I2C_Read_return
                0x080056b4       0x1c Src/HTS221.o
 .text.HTS221_CheckAvailable
                0x080056d0       0x14 Src/HTS221.o
 .text.HTS221_GetCoefficient
                0x080056e4       0xa4 Src/HTS221.o
 .text.HTS221_EnableDevice
                0x08005788       0x2c Src/HTS221.o
 .text.HTS221_I2C_Write
                0x080057b4       0x24 Src/HTS221.o
 .text.HTS221_ConfigDevice
                0x080057d8       0x38 Src/HTS221.o
                0x080057d8                HTS221_ConfigDevice
 .text.HTS221_Init
                0x08005810       0x28 Src/HTS221.o
                0x08005810                HTS221_Init
 .text.HTS221_GetHumidity
                0x08005838       0x9c Src/HTS221.o
                0x08005838                HTS221_GetHumidity
 .text.HTS221_GetTemperature
                0x080058d4       0x9c Src/HTS221.o
                0x080058d4                HTS221_GetTemperature
 .text.MX_GPIO_Init
                0x08005970       0x8c Src/main.o
 .text.func_NVM_Manager
                0x080059fc       0x88 Src/main.o
                0x080059fc                func_NVM_Manager
 .text.func_LEDBlink
                0x08005a84       0x34 Src/main.o
                0x08005a84                func_LEDBlink
 .text.func_UartPrint
                0x08005ab8      0x1e8 Src/main.o
                0x08005ab8                func_UartPrint
 .text.func_SensorRead
                0x08005ca0       0x80 Src/main.o
                0x08005ca0                func_SensorRead
 .text.Error_Handler
                0x08005d20        0x4 Src/main.o
                0x08005d20                Error_Handler
 .text.MX_RTC_Init
                0x08005d24       0x90 Src/main.o
 .text.MX_USART2_UART_Init
                0x08005db4       0x38 Src/main.o
 .text.MX_USART1_IRDA_Init
                0x08005dec       0x38 Src/main.o
 .text.MX_I2C1_Init
                0x08005e24       0x58 Src/main.o
 .text.SystemClock_Config
                0x08005e7c       0xa4 Src/main.o
                0x08005e7c                SystemClock_Config
 .text.main     0x08005f20       0xf0 Src/main.o
                0x08005f20                main
 .text.HAL_MspInit
                0x08006010       0x40 Src/stm32l0xx_hal_msp.o
                0x08006010                HAL_MspInit
 .text.HAL_I2C_MspInit
                0x08006050       0x48 Src/stm32l0xx_hal_msp.o
                0x08006050                HAL_I2C_MspInit
 .text.HAL_RTC_MspInit
                0x08006098       0x20 Src/stm32l0xx_hal_msp.o
                0x08006098                HAL_RTC_MspInit
 .text.HAL_IRDA_MspInit
                0x080060b8       0x44 Src/stm32l0xx_hal_msp.o
                0x080060b8                HAL_IRDA_MspInit
 .text.HAL_UART_MspInit
                0x080060fc       0x44 Src/stm32l0xx_hal_msp.o
                0x080060fc                HAL_UART_MspInit
 .text.SysTick_Handler
                0x08006140        0xc Src/stm32l0xx_it.o
                0x08006140                SysTick_Handler
 .text.RTC_IRQHandler
                0x0800614c       0x24 Src/stm32l0xx_it.o
                0x0800614c                RTC_IRQHandler
 .text.SystemInit
                0x08006170       0x5c Src/system_stm32l0xx.o
                0x08006170                SystemInit
 .text.Reset_Handler
                0x080061cc       0x50 startup/startup_stm32l053xx.o
                0x080061cc                Reset_Handler
 .text.Default_Handler
                0x0800621c        0x2 startup/startup_stm32l053xx.o
                0x0800621c                TSC_IRQHandler
                0x0800621c                HardFault_Handler
                0x0800621c                ADC1_COMP_IRQHandler
                0x0800621c                PVD_IRQHandler
                0x0800621c                NMI_Handler
                0x0800621c                I2C1_IRQHandler
                0x0800621c                RCC_CRS_IRQHandler
                0x0800621c                SPI1_IRQHandler
                0x0800621c                TIM6_DAC_IRQHandler
                0x0800621c                EXTI2_3_IRQHandler
                0x0800621c                I2C2_IRQHandler
                0x0800621c                LCD_IRQHandler
                0x0800621c                DMA1_Channel4_5_6_7_IRQHandler
                0x0800621c                EXTI4_15_IRQHandler
                0x0800621c                DMA1_Channel1_IRQHandler
                0x0800621c                Default_Handler
                0x0800621c                TIM22_IRQHandler
                0x0800621c                EXTI0_1_IRQHandler
                0x0800621c                USB_IRQHandler
                0x0800621c                SPI2_IRQHandler
                0x0800621c                TIM21_IRQHandler
                0x0800621c                WWDG_IRQHandler
                0x0800621c                TIM2_IRQHandler
                0x0800621c                DMA1_Channel2_3_IRQHandler
                0x0800621c                USART2_IRQHandler
                0x0800621c                FLASH_IRQHandler
                0x0800621c                USART1_IRQHandler
                0x0800621c                RNG_LPUART1_IRQHandler
                0x0800621c                LPTIM1_IRQHandler
 *fill*         0x0800621e        0x2 
 .text.__libc_init_array
                0x08006220       0x4c c:/ac6/systemworkbench/plugins/fr.ac6.mcu.externaltools.arm-none.win32_1.13.3.201707031232/tools/compiler/bin/../lib/gcc/arm-none-eabi/5.4.1/../../../../arm-none-eabi/lib/armv6-m\libc_nano.a(lib_a-init.o)
                0x08006220                __libc_init_array
 .text.__itoa   0x0800626c       0x2e c:/ac6/systemworkbench/plugins/fr.ac6.mcu.externaltools.arm-none.win32_1.13.3.201707031232/tools/compiler/bin/../lib/gcc/arm-none-eabi/5.4.1/../../../../arm-none-eabi/lib/armv6-m\libc_nano.a(lib_a-itoa.o)
                0x0800626c                __itoa
 .text.itoa     0x0800629a        0x8 c:/ac6/systemworkbench/plugins/fr.ac6.mcu.externaltools.arm-none.win32_1.13.3.201707031232/tools/compiler/bin/../lib/gcc/arm-none-eabi/5.4.1/../../../../arm-none-eabi/lib/armv6-m\libc_nano.a(lib_a-itoa.o)
                0x0800629a                itoa
 .text.memcpy   0x080062a2       0x12 c:/ac6/systemworkbench/plugins/fr.ac6.mcu.externaltools.arm-none.win32_1.13.3.201707031232/tools/compiler/bin/../lib/gcc/arm-none-eabi/5.4.1/../../../../arm-none-eabi/lib/armv6-m\libc_nano.a(lib_a-memcpy-stub.o)
                0x080062a2                memcpy
 .text.memset   0x080062b4       0x10 c:/ac6/systemworkbench/plugins/fr.ac6.mcu.externaltools.arm-none.win32_1.13.3.201707031232/tools/compiler/bin/../lib/gcc/arm-none-eabi/5.4.1/../../../../arm-none-eabi/lib/armv6-m\libc_nano.a(lib_a-memset.o)
                0x080062b4                memset
 .text.strcat   0x080062c4       0x1a c:/ac6/systemworkbench/plugins/fr.ac6.mcu.externaltools.arm-none.win32_1.13.3.201707031232/tools/compiler/bin/../lib/gcc/arm-none-eabi/5.4.1/../../../../arm-none-eabi/lib/armv6-m\libc_nano.a(lib_a-strcat.o)
                0x080062c4                strcat
 *fill*         0x080062de        0x2 
 .text.__utoa   0x080062e0       0x74 c:/ac6/systemworkbench/plugins/fr.ac6.mcu.externaltools.arm-none.win32_1.13.3.201707031232/tools/compiler/bin/../lib/gcc/arm-none-eabi/5.4.1/../../../../arm-none-eabi/lib/armv6-m\libc_nano.a(lib_a-utoa.o)
                0x080062e0                __utoa
 *(.glue_7)
 .glue_7        0x08006354        0x0 linker stubs
 *(.glue_7t)
 .glue_7t       0x08006354        0x0 linker stubs
 *(.eh_frame)
 .eh_frame      0x08006354        0x0 c:/ac6/systemworkbench/plugins/fr.ac6.mcu.externaltools.arm-none.win32_1.13.3.201707031232/tools/compiler/bin/../lib/gcc/arm-none-eabi/5.4.1/armv6-m/crtbegin.o
 *(.init)
 .init          0x08006354        0x4 c:/ac6/systemworkbench/plugins/fr.ac6.mcu.externaltools.arm-none.win32_1.13.3.201707031232/tools/compiler/bin/../lib/gcc/arm-none-eabi/5.4.1/armv6-m/crti.o
                0x08006354                _init
 .init          0x08006358        0x8 c:/ac6/systemworkbench/plugins/fr.ac6.mcu.externaltools.arm-none.win32_1.13.3.201707031232/tools/compiler/bin/../lib/gcc/arm-none-eabi/5.4.1/armv6-m/crtn.o
 *(.fini)
 .fini          0x08006360        0x4 c:/ac6/systemworkbench/plugins/fr.ac6.mcu.externaltools.arm-none.win32_1.13.3.201707031232/tools/compiler/bin/../lib/gcc/arm-none-eabi/5.4.1/armv6-m/crti.o
                0x08006360                _fini
 .fini          0x08006364        0x8 c:/ac6/systemworkbench/plugins/fr.ac6.mcu.externaltools.arm-none.win32_1.13.3.201707031232/tools/compiler/bin/../lib/gcc/arm-none-eabi/5.4.1/armv6-m/crtn.o
                0x0800636c                . = ALIGN (0x4)
                0x0800636c                _etext = .

.vfp11_veneer   0x0800636c        0x0
 .vfp11_veneer  0x0800636c        0x0 linker stubs

.v4_bx          0x0800636c        0x0
 .v4_bx         0x0800636c        0x0 linker stubs

.iplt           0x0800636c        0x0
 .iplt          0x0800636c        0x0 c:/ac6/systemworkbench/plugins/fr.ac6.mcu.externaltools.arm-none.win32_1.13.3.201707031232/tools/compiler/bin/../lib/gcc/arm-none-eabi/5.4.1/armv6-m/crtbegin.o

.rodata         0x0800636c      0x22c
                0x0800636c                . = ALIGN (0x4)
 *(.rodata)
 .rodata        0x0800636c       0x24 Drivers/STM32L0xx_HAL_Driver/Src/stm32l0xx_hal_irda.o
 .rodata        0x08006390       0x48 Drivers/STM32L0xx_HAL_Driver/Src/stm32l0xx_hal_uart.o
 .rodata        0x080063d8       0x50 Src/main.o
 .rodata        0x08006428       0x24 Src/system_stm32l0xx.o
                0x08006428                PLLMulTable
                0x08006434                AHBPrescTable
                0x08006444                APBPrescTable
 .rodata        0x0800644c       0x40 c:/ac6/systemworkbench/plugins/fr.ac6.mcu.externaltools.arm-none.win32_1.13.3.201707031232/tools/compiler/bin/../lib/gcc/arm-none-eabi/5.4.1/armv6-m\libgcc.a(divdf3.o)
 .rodata        0x0800648c       0x40 c:/ac6/systemworkbench/plugins/fr.ac6.mcu.externaltools.arm-none.win32_1.13.3.201707031232/tools/compiler/bin/../lib/gcc/arm-none-eabi/5.4.1/armv6-m\libgcc.a(muldf3.o)
 *(.rodata*)
 .rodata.str1.4
                0x080064cc        0x5 Middlewares/Third_Party/FreeRTOS/Source/tasks.o
 *fill*         0x080064d1        0x3 
 .rodata.str1.4
                0x080064d4       0x8e Src/main.o
                                 0x92 (size before relaxing)
 *fill*         0x08006562        0x2 
 .rodata.str1.4
                0x08006564        0xc Src/stm32l0xx_it.o
                                  0xa (size before relaxing)
 .rodata.str1.1
                0x08006570       0x25 c:/ac6/systemworkbench/plugins/fr.ac6.mcu.externaltools.arm-none.win32_1.13.3.201707031232/tools/compiler/bin/../lib/gcc/arm-none-eabi/5.4.1/../../../../arm-none-eabi/lib/armv6-m\libc_nano.a(lib_a-utoa.o)
                0x08006598                . = ALIGN (0x4)
 *fill*         0x08006595        0x3 

.ARM.extab
 *(.ARM.extab* .gnu.linkonce.armextab.*)

.ARM            0x08006598        0x8
                0x08006598                __exidx_start = .
 *(.ARM.exidx*)
 .ARM.exidx     0x08006598        0x8 c:/ac6/systemworkbench/plugins/fr.ac6.mcu.externaltools.arm-none.win32_1.13.3.201707031232/tools/compiler/bin/../lib/gcc/arm-none-eabi/5.4.1/armv6-m\libgcc.a(_udivmoddi4.o)
                0x080065a0                __exidx_end = .

.rel.dyn        0x080065a0        0x0
 .rel.iplt      0x080065a0        0x0 c:/ac6/systemworkbench/plugins/fr.ac6.mcu.externaltools.arm-none.win32_1.13.3.201707031232/tools/compiler/bin/../lib/gcc/arm-none-eabi/5.4.1/armv6-m/crtbegin.o

.preinit_array  0x080065a0        0x0
                0x080065a0                PROVIDE (__preinit_array_start, .)
 *(.preinit_array*)
                0x080065a0                PROVIDE (__preinit_array_end, .)

.init_array     0x080065a0        0x4
                0x080065a0                PROVIDE (__init_array_start, .)
 *(SORT(.init_array.*))
 *(.init_array*)
 .init_array    0x080065a0        0x4 c:/ac6/systemworkbench/plugins/fr.ac6.mcu.externaltools.arm-none.win32_1.13.3.201707031232/tools/compiler/bin/../lib/gcc/arm-none-eabi/5.4.1/armv6-m/crtbegin.o
                0x080065a4                PROVIDE (__init_array_end, .)

.fini_array     0x080065a4        0x4
                [!provide]                PROVIDE (__fini_array_start, .)
 *(SORT(.fini_array.*))
 *(.fini_array*)
 .fini_array    0x080065a4        0x4 c:/ac6/systemworkbench/plugins/fr.ac6.mcu.externaltools.arm-none.win32_1.13.3.201707031232/tools/compiler/bin/../lib/gcc/arm-none-eabi/5.4.1/armv6-m/crtbegin.o
                [!provide]                PROVIDE (__fini_array_end, .)
                0x080065a8                _sidata = LOADADDR (.data)

.data           0x20000000        0x8 load address 0x080065a8
                0x20000000                . = ALIGN (0x4)
                0x20000000                _sdata = .
 *(.data)
 .data          0x20000000        0x4 Middlewares/Third_Party/FreeRTOS/Source/portable/GCC/ARM_CM0/port.o
 .data          0x20000004        0x4 Src/system_stm32l0xx.o
                0x20000004                SystemCoreClock
 *(.data*)
                0x20000008                . = ALIGN (0x4)
                0x20000008                _edata = .

.jcr            0x20000008        0x0 load address 0x080065b0
 .jcr           0x20000008        0x0 c:/ac6/systemworkbench/plugins/fr.ac6.mcu.externaltools.arm-none.win32_1.13.3.201707031232/tools/compiler/bin/../lib/gcc/arm-none-eabi/5.4.1/armv6-m/crtbegin.o

.igot.plt       0x20000008        0x0 load address 0x080065b0
 .igot.plt      0x20000008        0x0 c:/ac6/systemworkbench/plugins/fr.ac6.mcu.externaltools.arm-none.win32_1.13.3.201707031232/tools/compiler/bin/../lib/gcc/arm-none-eabi/5.4.1/armv6-m/crtbegin.o
                0x20000008                . = ALIGN (0x4)

.bss            0x20000008      0xec0 load address 0x080065b0
                0x20000008                _sbss = .
                0x20000008                __bss_start__ = _sbss
 *(.bss)
 .bss           0x20000008       0x1c c:/ac6/systemworkbench/plugins/fr.ac6.mcu.externaltools.arm-none.win32_1.13.3.201707031232/tools/compiler/bin/../lib/gcc/arm-none-eabi/5.4.1/armv6-m/crtbegin.o
 .bss           0x20000024      0x12c Middlewares/Third_Party/FreeRTOS/Source/tasks.o
                0x20000124                pxCurrentTCB
 .bss           0x20000150      0xc18 Middlewares/Third_Party/FreeRTOS/Source/portable/MemMang/heap_4.o
 .bss           0x20000d68        0x1 Src/main.o
                0x20000d68                updateCounter
 *(.bss*)
 *(COMMON)
 *fill*         0x20000d69        0x3 
 COMMON         0x20000d6c        0x4 Drivers/STM32L0xx_HAL_Driver/Src/stm32l0xx_hal.o
                0x20000d6c                uwTick
 COMMON         0x20000d70       0x14 Src/HTS221.o
                0x20000d70                HTS221_CoefStruc
                0x20000d80                HTS221_I2CHander
 COMMON         0x20000d84      0x144 Src/main.o
                0x20000d84                hirda1
                0x20000dc0                Task_ErrorCheck
                0x20000dc4                Task_UartSend
                0x20000dc8                Queue_number
                0x20000dcc                hi2c1
                0x20000e18                Queue_SendTo_Uart
                0x20000e1c                Queue_SendTo_TaskNVM
                0x20000e20                thread1_counter
                0x20000e24                NVM_QueueSet
                0x20000e28                hrtc
                0x20000e4c                huart2
                0x20000ebc                Task_SensorRead
                0x20000ec0                Task_NVM_ReadWrite
                0x20000ec4                Task_HearBeatLED
                0x20000ec8                . = ALIGN (0x4)
                0x20000ec8                _ebss = .
                0x20000ec8                __bss_end__ = _ebss

._user_heap_stack
                0x20000ec8      0x600 load address 0x080065b0
                0x20000ec8                . = ALIGN (0x8)
                [!provide]                PROVIDE (end, .)
                [!provide]                PROVIDE (_end, .)
                0x200010c8                . = (. + _Min_Heap_Size)
 *fill*         0x20000ec8      0x200 
                0x200014c8                . = (. + _Min_Stack_Size)
 *fill*         0x200010c8      0x400 
                0x200014c8                . = ALIGN (0x8)

/DISCARD/
 libc.a(*)
 libm.a(*)
 libgcc.a(*)

.ARM.attributes
                0x00000000       0x28
 *(.ARM.attributes)
 .ARM.attributes
                0x00000000       0x1e c:/ac6/systemworkbench/plugins/fr.ac6.mcu.externaltools.arm-none.win32_1.13.3.201707031232/tools/compiler/bin/../lib/gcc/arm-none-eabi/5.4.1/armv6-m/crti.o
 .ARM.attributes
                0x0000001e       0x2c c:/ac6/systemworkbench/plugins/fr.ac6.mcu.externaltools.arm-none.win32_1.13.3.201707031232/tools/compiler/bin/../lib/gcc/arm-none-eabi/5.4.1/armv6-m/crtbegin.o
 .ARM.attributes
                0x0000004a       0x32 Drivers/STM32L0xx_HAL_Driver/Src/stm32l0xx_hal.o
 .ARM.attributes
                0x0000007c       0x32 Drivers/STM32L0xx_HAL_Driver/Src/stm32l0xx_hal_cortex.o
 .ARM.attributes
                0x000000ae       0x32 Drivers/STM32L0xx_HAL_Driver/Src/stm32l0xx_hal_gpio.o
 .ARM.attributes
                0x000000e0       0x32 Drivers/STM32L0xx_HAL_Driver/Src/stm32l0xx_hal_i2c.o
 .ARM.attributes
                0x00000112       0x32 Drivers/STM32L0xx_HAL_Driver/Src/stm32l0xx_hal_i2c_ex.o
 .ARM.attributes
                0x00000144       0x32 Drivers/STM32L0xx_HAL_Driver/Src/stm32l0xx_hal_irda.o
 .ARM.attributes
                0x00000176       0x32 Drivers/STM32L0xx_HAL_Driver/Src/stm32l0xx_hal_pwr.o
 .ARM.attributes
                0x000001a8       0x32 Drivers/STM32L0xx_HAL_Driver/Src/stm32l0xx_hal_rcc.o
 .ARM.attributes
                0x000001da       0x32 Drivers/STM32L0xx_HAL_Driver/Src/stm32l0xx_hal_rcc_ex.o
 .ARM.attributes
                0x0000020c       0x32 Drivers/STM32L0xx_HAL_Driver/Src/stm32l0xx_hal_rtc.o
 .ARM.attributes
                0x0000023e       0x32 Drivers/STM32L0xx_HAL_Driver/Src/stm32l0xx_hal_rtc_ex.o
 .ARM.attributes
                0x00000270       0x32 Drivers/STM32L0xx_HAL_Driver/Src/stm32l0xx_hal_uart.o
 .ARM.attributes
                0x000002a2       0x32 Middlewares/Third_Party/FreeRTOS/Source/CMSIS_RTOS/cmsis_os.o
 .ARM.attributes
                0x000002d4       0x32 Middlewares/Third_Party/FreeRTOS/Source/list.o
 .ARM.attributes
                0x00000306       0x32 Middlewares/Third_Party/FreeRTOS/Source/queue.o
 .ARM.attributes
                0x00000338       0x32 Middlewares/Third_Party/FreeRTOS/Source/tasks.o
 .ARM.attributes
                0x0000036a       0x32 Middlewares/Third_Party/FreeRTOS/Source/portable/GCC/ARM_CM0/port.o
 .ARM.attributes
                0x0000039c       0x32 Middlewares/Third_Party/FreeRTOS/Source/portable/MemMang/heap_4.o
 .ARM.attributes
                0x000003ce       0x32 Src/HTS221.o
 .ARM.attributes
                0x00000400       0x32 Src/main.o
 .ARM.attributes
                0x00000432       0x32 Src/stm32l0xx_hal_msp.o
 .ARM.attributes
                0x00000464       0x32 Src/stm32l0xx_it.o
 .ARM.attributes
                0x00000496       0x32 Src/system_stm32l0xx.o
 .ARM.attributes
                0x000004c8       0x22 startup/startup_stm32l053xx.o
 .ARM.attributes
                0x000004ea       0x1e c:/ac6/systemworkbench/plugins/fr.ac6.mcu.externaltools.arm-none.win32_1.13.3.201707031232/tools/compiler/bin/../lib/gcc/arm-none-eabi/5.4.1/armv6-m\libgcc.a(_udivsi3.o)
 .ARM.attributes
                0x00000508       0x1e c:/ac6/systemworkbench/plugins/fr.ac6.mcu.externaltools.arm-none.win32_1.13.3.201707031232/tools/compiler/bin/../lib/gcc/arm-none-eabi/5.4.1/armv6-m\libgcc.a(_dvmd_tls.o)
 .ARM.attributes
                0x00000526       0x1e c:/ac6/systemworkbench/plugins/fr.ac6.mcu.externaltools.arm-none.win32_1.13.3.201707031232/tools/compiler/bin/../lib/gcc/arm-none-eabi/5.4.1/armv6-m\libgcc.a(_aeabi_uldivmod.o)
 .ARM.attributes
                0x00000544       0x2c c:/ac6/systemworkbench/plugins/fr.ac6.mcu.externaltools.arm-none.win32_1.13.3.201707031232/tools/compiler/bin/../lib/gcc/arm-none-eabi/5.4.1/armv6-m\libgcc.a(_udivmoddi4.o)
 .ARM.attributes
                0x00000570       0x2c c:/ac6/systemworkbench/plugins/fr.ac6.mcu.externaltools.arm-none.win32_1.13.3.201707031232/tools/compiler/bin/../lib/gcc/arm-none-eabi/5.4.1/armv6-m\libgcc.a(adddf3.o)
 .ARM.attributes
                0x0000059c       0x2c c:/ac6/systemworkbench/plugins/fr.ac6.mcu.externaltools.arm-none.win32_1.13.3.201707031232/tools/compiler/bin/../lib/gcc/arm-none-eabi/5.4.1/armv6-m\libgcc.a(divdf3.o)
 .ARM.attributes
                0x000005c8       0x2c c:/ac6/systemworkbench/plugins/fr.ac6.mcu.externaltools.arm-none.win32_1.13.3.201707031232/tools/compiler/bin/../lib/gcc/arm-none-eabi/5.4.1/armv6-m\libgcc.a(muldf3.o)
 .ARM.attributes
                0x000005f4       0x2c c:/ac6/systemworkbench/plugins/fr.ac6.mcu.externaltools.arm-none.win32_1.13.3.201707031232/tools/compiler/bin/../lib/gcc/arm-none-eabi/5.4.1/armv6-m\libgcc.a(subdf3.o)
 .ARM.attributes
                0x00000620       0x2c c:/ac6/systemworkbench/plugins/fr.ac6.mcu.externaltools.arm-none.win32_1.13.3.201707031232/tools/compiler/bin/../lib/gcc/arm-none-eabi/5.4.1/armv6-m\libgcc.a(fixdfsi.o)
 .ARM.attributes
                0x0000064c       0x2c c:/ac6/systemworkbench/plugins/fr.ac6.mcu.externaltools.arm-none.win32_1.13.3.201707031232/tools/compiler/bin/../lib/gcc/arm-none-eabi/5.4.1/armv6-m\libgcc.a(floatsidf.o)
 .ARM.attributes
                0x00000678       0x1e c:/ac6/systemworkbench/plugins/fr.ac6.mcu.externaltools.arm-none.win32_1.13.3.201707031232/tools/compiler/bin/../lib/gcc/arm-none-eabi/5.4.1/armv6-m\libgcc.a(_clzsi2.o)
 .ARM.attributes
                0x00000696       0x1e c:/ac6/systemworkbench/plugins/fr.ac6.mcu.externaltools.arm-none.win32_1.13.3.201707031232/tools/compiler/bin/../lib/gcc/arm-none-eabi/5.4.1/armv6-m\libgcc.a(_clzdi2.o)
 .ARM.attributes
                0x000006b4       0x2c c:/ac6/systemworkbench/plugins/fr.ac6.mcu.externaltools.arm-none.win32_1.13.3.201707031232/tools/compiler/bin/../lib/gcc/arm-none-eabi/5.4.1/../../../../arm-none-eabi/lib/armv6-m\libc_nano.a(lib_a-init.o)
 .ARM.attributes
                0x000006e0       0x2c c:/ac6/systemworkbench/plugins/fr.ac6.mcu.externaltools.arm-none.win32_1.13.3.201707031232/tools/compiler/bin/../lib/gcc/arm-none-eabi/5.4.1/../../../../arm-none-eabi/lib/armv6-m\libc_nano.a(lib_a-itoa.o)
 .ARM.attributes
                0x0000070c       0x2c c:/ac6/systemworkbench/plugins/fr.ac6.mcu.externaltools.arm-none.win32_1.13.3.201707031232/tools/compiler/bin/../lib/gcc/arm-none-eabi/5.4.1/../../../../arm-none-eabi/lib/armv6-m\libc_nano.a(lib_a-memcpy-stub.o)
 .ARM.attributes
                0x00000738       0x2c c:/ac6/systemworkbench/plugins/fr.ac6.mcu.externaltools.arm-none.win32_1.13.3.201707031232/tools/compiler/bin/../lib/gcc/arm-none-eabi/5.4.1/../../../../arm-none-eabi/lib/armv6-m\libc_nano.a(lib_a-memset.o)
 .ARM.attributes
                0x00000764       0x2c c:/ac6/systemworkbench/plugins/fr.ac6.mcu.externaltools.arm-none.win32_1.13.3.201707031232/tools/compiler/bin/../lib/gcc/arm-none-eabi/5.4.1/../../../../arm-none-eabi/lib/armv6-m\libc_nano.a(lib_a-strcat.o)
 .ARM.attributes
                0x00000790       0x1c c:/ac6/systemworkbench/plugins/fr.ac6.mcu.externaltools.arm-none.win32_1.13.3.201707031232/tools/compiler/bin/../lib/gcc/arm-none-eabi/5.4.1/../../../../arm-none-eabi/lib/armv6-m\libc_nano.a(lib_a-strlen.o)
 .ARM.attributes
                0x000007ac       0x2c c:/ac6/systemworkbench/plugins/fr.ac6.mcu.externaltools.arm-none.win32_1.13.3.201707031232/tools/compiler/bin/../lib/gcc/arm-none-eabi/5.4.1/../../../../arm-none-eabi/lib/armv6-m\libc_nano.a(lib_a-utoa.o)
 .ARM.attributes
                0x000007d8       0x1e c:/ac6/systemworkbench/plugins/fr.ac6.mcu.externaltools.arm-none.win32_1.13.3.201707031232/tools/compiler/bin/../lib/gcc/arm-none-eabi/5.4.1/armv6-m/crtn.o
OUTPUT(RTOS_IOT.elf elf32-littlearm)

.debug_info     0x00000000    0x15e9f
 .debug_info    0x00000000      0x749 Drivers/STM32L0xx_HAL_Driver/Src/stm32l0xx_hal.o
 .debug_info    0x00000749      0x8a1 Drivers/STM32L0xx_HAL_Driver/Src/stm32l0xx_hal_cortex.o
 .debug_info    0x00000fea      0x647 Drivers/STM32L0xx_HAL_Driver/Src/stm32l0xx_hal_gpio.o
 .debug_info    0x00001631     0x310e Drivers/STM32L0xx_HAL_Driver/Src/stm32l0xx_hal_i2c.o
 .debug_info    0x0000473f      0x83e Drivers/STM32L0xx_HAL_Driver/Src/stm32l0xx_hal_i2c_ex.o
 .debug_info    0x00004f7d     0x150c Drivers/STM32L0xx_HAL_Driver/Src/stm32l0xx_hal_irda.o
 .debug_info    0x00006489      0x5ec Drivers/STM32L0xx_HAL_Driver/Src/stm32l0xx_hal_pwr.o
 .debug_info    0x00006a75      0xb74 Drivers/STM32L0xx_HAL_Driver/Src/stm32l0xx_hal_rcc.o
 .debug_info    0x000075e9      0x8cb Drivers/STM32L0xx_HAL_Driver/Src/stm32l0xx_hal_rcc_ex.o
 .debug_info    0x00007eb4      0xd08 Drivers/STM32L0xx_HAL_Driver/Src/stm32l0xx_hal_rtc.o
 .debug_info    0x00008bbc      0xf1f Drivers/STM32L0xx_HAL_Driver/Src/stm32l0xx_hal_rtc_ex.o
 .debug_info    0x00009adb     0x1990 Drivers/STM32L0xx_HAL_Driver/Src/stm32l0xx_hal_uart.o
 .debug_info    0x0000b46b     0x1b0f Middlewares/Third_Party/FreeRTOS/Source/CMSIS_RTOS/cmsis_os.o
 .debug_info    0x0000cf7a      0x2a5 Middlewares/Third_Party/FreeRTOS/Source/list.o
 .debug_info    0x0000d21f     0x16cd Middlewares/Third_Party/FreeRTOS/Source/queue.o
 .debug_info    0x0000e8ec     0x2197 Middlewares/Third_Party/FreeRTOS/Source/tasks.o
 .debug_info    0x00010a83      0x2b0 Middlewares/Third_Party/FreeRTOS/Source/portable/GCC/ARM_CM0/port.o
 .debug_info    0x00010d33      0x365 Middlewares/Third_Party/FreeRTOS/Source/portable/MemMang/heap_4.o
 .debug_info    0x00011098      0xb37 Src/HTS221.o
 .debug_info    0x00011bcf     0x24fe Src/main.o
 .debug_info    0x000140cd     0x117a Src/stm32l0xx_hal_msp.o
 .debug_info    0x00015247      0x86a Src/stm32l0xx_it.o
 .debug_info    0x00015ab1      0x37b Src/system_stm32l0xx.o
 .debug_info    0x00015e2c       0x73 startup/startup_stm32l053xx.o

.debug_abbrev   0x00000000     0x2bf5
 .debug_abbrev  0x00000000      0x209 Drivers/STM32L0xx_HAL_Driver/Src/stm32l0xx_hal.o
 .debug_abbrev  0x00000209      0x264 Drivers/STM32L0xx_HAL_Driver/Src/stm32l0xx_hal_cortex.o
 .debug_abbrev  0x0000046d      0x1cb Drivers/STM32L0xx_HAL_Driver/Src/stm32l0xx_hal_gpio.o
 .debug_abbrev  0x00000638      0x213 Drivers/STM32L0xx_HAL_Driver/Src/stm32l0xx_hal_i2c.o
 .debug_abbrev  0x0000084b      0x192 Drivers/STM32L0xx_HAL_Driver/Src/stm32l0xx_hal_i2c_ex.o
 .debug_abbrev  0x000009dd      0x228 Drivers/STM32L0xx_HAL_Driver/Src/stm32l0xx_hal_irda.o
 .debug_abbrev  0x00000c05      0x190 Drivers/STM32L0xx_HAL_Driver/Src/stm32l0xx_hal_pwr.o
 .debug_abbrev  0x00000d95      0x242 Drivers/STM32L0xx_HAL_Driver/Src/stm32l0xx_hal_rcc.o
 .debug_abbrev  0x00000fd7      0x1ec Drivers/STM32L0xx_HAL_Driver/Src/stm32l0xx_hal_rcc_ex.o
 .debug_abbrev  0x000011c3      0x19c Drivers/STM32L0xx_HAL_Driver/Src/stm32l0xx_hal_rtc.o
 .debug_abbrev  0x0000135f      0x1ab Drivers/STM32L0xx_HAL_Driver/Src/stm32l0xx_hal_rtc_ex.o
 .debug_abbrev  0x0000150a      0x24a Drivers/STM32L0xx_HAL_Driver/Src/stm32l0xx_hal_uart.o
 .debug_abbrev  0x00001754      0x2d5 Middlewares/Third_Party/FreeRTOS/Source/CMSIS_RTOS/cmsis_os.o
 .debug_abbrev  0x00001a29       0xdf Middlewares/Third_Party/FreeRTOS/Source/list.o
 .debug_abbrev  0x00001b08      0x202 Middlewares/Third_Party/FreeRTOS/Source/queue.o
 .debug_abbrev  0x00001d0a      0x270 Middlewares/Third_Party/FreeRTOS/Source/tasks.o
 .debug_abbrev  0x00001f7a      0x1cf Middlewares/Third_Party/FreeRTOS/Source/portable/GCC/ARM_CM0/port.o
 .debug_abbrev  0x00002149      0x1bd Middlewares/Third_Party/FreeRTOS/Source/portable/MemMang/heap_4.o
 .debug_abbrev  0x00002306      0x207 Src/HTS221.o
 .debug_abbrev  0x0000250d      0x30d Src/main.o
 .debug_abbrev  0x0000281a      0x18d Src/stm32l0xx_hal_msp.o
 .debug_abbrev  0x000029a7      0x149 Src/stm32l0xx_it.o
 .debug_abbrev  0x00002af0       0xf3 Src/system_stm32l0xx.o
 .debug_abbrev  0x00002be3       0x12 startup/startup_stm32l053xx.o

.debug_loc      0x00000000     0xdcba
 .debug_loc     0x00000000       0xac Drivers/STM32L0xx_HAL_Driver/Src/stm32l0xx_hal.o
 .debug_loc     0x000000ac      0x39b Drivers/STM32L0xx_HAL_Driver/Src/stm32l0xx_hal_cortex.o
 .debug_loc     0x00000447      0x284 Drivers/STM32L0xx_HAL_Driver/Src/stm32l0xx_hal_gpio.o
 .debug_loc     0x000006cb     0x331a Drivers/STM32L0xx_HAL_Driver/Src/stm32l0xx_hal_i2c.o
 .debug_loc     0x000039e5      0x245 Drivers/STM32L0xx_HAL_Driver/Src/stm32l0xx_hal_i2c_ex.o
 .debug_loc     0x00003c2a     0x10fc Drivers/STM32L0xx_HAL_Driver/Src/stm32l0xx_hal_irda.o
 .debug_loc     0x00004d26       0xf6 Drivers/STM32L0xx_HAL_Driver/Src/stm32l0xx_hal_pwr.o
 .debug_loc     0x00004e1c      0x6a7 Drivers/STM32L0xx_HAL_Driver/Src/stm32l0xx_hal_rcc.o
 .debug_loc     0x000054c3      0x9a2 Drivers/STM32L0xx_HAL_Driver/Src/stm32l0xx_hal_rcc_ex.o
 .debug_loc     0x00005e65      0xc10 Drivers/STM32L0xx_HAL_Driver/Src/stm32l0xx_hal_rtc.o
 .debug_loc     0x00006a75      0xf1c Drivers/STM32L0xx_HAL_Driver/Src/stm32l0xx_hal_rtc_ex.o
 .debug_loc     0x00007991     0x176e Drivers/STM32L0xx_HAL_Driver/Src/stm32l0xx_hal_uart.o
 .debug_loc     0x000090ff     0x1012 Middlewares/Third_Party/FreeRTOS/Source/CMSIS_RTOS/cmsis_os.o
 .debug_loc     0x0000a111       0x65 Middlewares/Third_Party/FreeRTOS/Source/list.o
 .debug_loc     0x0000a176     0x1828 Middlewares/Third_Party/FreeRTOS/Source/queue.o
 .debug_loc     0x0000b99e     0x18f5 Middlewares/Third_Party/FreeRTOS/Source/tasks.o
 .debug_loc     0x0000d293       0xa6 Middlewares/Third_Party/FreeRTOS/Source/portable/GCC/ARM_CM0/port.o
 .debug_loc     0x0000d339      0x244 Middlewares/Third_Party/FreeRTOS/Source/portable/MemMang/heap_4.o
 .debug_loc     0x0000d57d      0x3b0 Src/HTS221.o
 .debug_loc     0x0000d92d      0x162 Src/main.o
 .debug_loc     0x0000da8f       0xc6 Src/stm32l0xx_hal_msp.o
 .debug_loc     0x0000db55      0x165 Src/system_stm32l0xx.o

.debug_aranges  0x00000000     0x1338
 .debug_aranges
                0x00000000       0xe0 Drivers/STM32L0xx_HAL_Driver/Src/stm32l0xx_hal.o
 .debug_aranges
                0x000000e0       0x80 Drivers/STM32L0xx_HAL_Driver/Src/stm32l0xx_hal_cortex.o
 .debug_aranges
                0x00000160       0x58 Drivers/STM32L0xx_HAL_Driver/Src/stm32l0xx_hal_gpio.o
 .debug_aranges
                0x000001b8      0x260 Drivers/STM32L0xx_HAL_Driver/Src/stm32l0xx_hal_i2c.o
 .debug_aranges
                0x00000418       0x48 Drivers/STM32L0xx_HAL_Driver/Src/stm32l0xx_hal_i2c_ex.o
 .debug_aranges
                0x00000460      0x198 Drivers/STM32L0xx_HAL_Driver/Src/stm32l0xx_hal_irda.o
 .debug_aranges
                0x000005f8       0xa0 Drivers/STM32L0xx_HAL_Driver/Src/stm32l0xx_hal_pwr.o
 .debug_aranges
                0x00000698       0x88 Drivers/STM32L0xx_HAL_Driver/Src/stm32l0xx_hal_rcc.o
 .debug_aranges
                0x00000720       0xb0 Drivers/STM32L0xx_HAL_Driver/Src/stm32l0xx_hal_rcc_ex.o
 .debug_aranges
                0x000007d0       0xb8 Drivers/STM32L0xx_HAL_Driver/Src/stm32l0xx_hal_rtc.o
 .debug_aranges
                0x00000888      0x120 Drivers/STM32L0xx_HAL_Driver/Src/stm32l0xx_hal_rtc_ex.o
 .debug_aranges
                0x000009a8      0x1e8 Drivers/STM32L0xx_HAL_Driver/Src/stm32l0xx_hal_uart.o
 .debug_aranges
                0x00000b90      0x1d8 Middlewares/Third_Party/FreeRTOS/Source/CMSIS_RTOS/cmsis_os.o
 .debug_aranges
                0x00000d68       0x40 Middlewares/Third_Party/FreeRTOS/Source/list.o
 .debug_aranges
                0x00000da8      0x128 Middlewares/Third_Party/FreeRTOS/Source/queue.o
 .debug_aranges
                0x00000ed0      0x1d0 Middlewares/Third_Party/FreeRTOS/Source/tasks.o
 .debug_aranges
                0x000010a0       0x88 Middlewares/Third_Party/FreeRTOS/Source/portable/GCC/ARM_CM0/port.o
 .debug_aranges
                0x00001128       0x50 Middlewares/Third_Party/FreeRTOS/Source/portable/MemMang/heap_4.o
 .debug_aranges
                0x00001178       0x68 Src/HTS221.o
 .debug_aranges
                0x000011e0       0x80 Src/main.o
 .debug_aranges
                0x00001260       0x60 Src/stm32l0xx_hal_msp.o
 .debug_aranges
                0x000012c0       0x28 Src/stm32l0xx_it.o
 .debug_aranges
                0x000012e8       0x28 Src/system_stm32l0xx.o
 .debug_aranges
                0x00001310       0x28 startup/startup_stm32l053xx.o

.debug_ranges   0x00000000     0x1290
 .debug_ranges  0x00000000       0xd0 Drivers/STM32L0xx_HAL_Driver/Src/stm32l0xx_hal.o
 .debug_ranges  0x000000d0       0x70 Drivers/STM32L0xx_HAL_Driver/Src/stm32l0xx_hal_cortex.o
 .debug_ranges  0x00000140       0x48 Drivers/STM32L0xx_HAL_Driver/Src/stm32l0xx_hal_gpio.o
 .debug_ranges  0x00000188      0x250 Drivers/STM32L0xx_HAL_Driver/Src/stm32l0xx_hal_i2c.o
 .debug_ranges  0x000003d8       0x38 Drivers/STM32L0xx_HAL_Driver/Src/stm32l0xx_hal_i2c_ex.o
 .debug_ranges  0x00000410      0x188 Drivers/STM32L0xx_HAL_Driver/Src/stm32l0xx_hal_irda.o
 .debug_ranges  0x00000598       0x90 Drivers/STM32L0xx_HAL_Driver/Src/stm32l0xx_hal_pwr.o
 .debug_ranges  0x00000628       0x90 Drivers/STM32L0xx_HAL_Driver/Src/stm32l0xx_hal_rcc.o
 .debug_ranges  0x000006b8       0xb8 Drivers/STM32L0xx_HAL_Driver/Src/stm32l0xx_hal_rcc_ex.o
 .debug_ranges  0x00000770       0xa8 Drivers/STM32L0xx_HAL_Driver/Src/stm32l0xx_hal_rtc.o
 .debug_ranges  0x00000818      0x110 Drivers/STM32L0xx_HAL_Driver/Src/stm32l0xx_hal_rtc_ex.o
 .debug_ranges  0x00000928      0x1d8 Drivers/STM32L0xx_HAL_Driver/Src/stm32l0xx_hal_uart.o
 .debug_ranges  0x00000b00      0x1c8 Middlewares/Third_Party/FreeRTOS/Source/CMSIS_RTOS/cmsis_os.o
 .debug_ranges  0x00000cc8       0x30 Middlewares/Third_Party/FreeRTOS/Source/list.o
 .debug_ranges  0x00000cf8      0x178 Middlewares/Third_Party/FreeRTOS/Source/queue.o
 .debug_ranges  0x00000e70      0x200 Middlewares/Third_Party/FreeRTOS/Source/tasks.o
 .debug_ranges  0x00001070       0x78 Middlewares/Third_Party/FreeRTOS/Source/portable/GCC/ARM_CM0/port.o
 .debug_ranges  0x000010e8       0x40 Middlewares/Third_Party/FreeRTOS/Source/portable/MemMang/heap_4.o
 .debug_ranges  0x00001128       0x58 Src/HTS221.o
 .debug_ranges  0x00001180       0x70 Src/main.o
 .debug_ranges  0x000011f0       0x50 Src/stm32l0xx_hal_msp.o
 .debug_ranges  0x00001240       0x18 Src/stm32l0xx_it.o
 .debug_ranges  0x00001258       0x18 Src/system_stm32l0xx.o
 .debug_ranges  0x00001270       0x20 startup/startup_stm32l053xx.o

.debug_macro    0x00000000    0x17c67
 .debug_macro   0x00000000      0x395 Drivers/STM32L0xx_HAL_Driver/Src/stm32l0xx_hal.o
 .debug_macro   0x00000395      0x832 Drivers/STM32L0xx_HAL_Driver/Src/stm32l0xx_hal.o
 .debug_macro   0x00000bc7       0x22 Drivers/STM32L0xx_HAL_Driver/Src/stm32l0xx_hal.o
 .debug_macro   0x00000be9       0x4c Drivers/STM32L0xx_HAL_Driver/Src/stm32l0xx_hal.o
 .debug_macro   0x00000c35       0x8d Drivers/STM32L0xx_HAL_Driver/Src/stm32l0xx_hal.o
 .debug_macro   0x00000cc2       0x35 Drivers/STM32L0xx_HAL_Driver/Src/stm32l0xx_hal.o
 .debug_macro   0x00000cf7       0x9c Drivers/STM32L0xx_HAL_Driver/Src/stm32l0xx_hal.o
 .debug_macro   0x00000d93      0x174 Drivers/STM32L0xx_HAL_Driver/Src/stm32l0xx_hal.o
 .debug_macro   0x00000f07       0x4a Drivers/STM32L0xx_HAL_Driver/Src/stm32l0xx_hal.o
 .debug_macro   0x00000f51       0x52 Drivers/STM32L0xx_HAL_Driver/Src/stm32l0xx_hal.o
 .debug_macro   0x00000fa3       0x1f Drivers/STM32L0xx_HAL_Driver/Src/stm32l0xx_hal.o
 .debug_macro   0x00000fc2       0x43 Drivers/STM32L0xx_HAL_Driver/Src/stm32l0xx_hal.o
 .debug_macro   0x00001005       0x20 Drivers/STM32L0xx_HAL_Driver/Src/stm32l0xx_hal.o
 .debug_macro   0x00001025      0x187 Drivers/STM32L0xx_HAL_Driver/Src/stm32l0xx_hal.o
 .debug_macro   0x000011ac      0x30d Drivers/STM32L0xx_HAL_Driver/Src/stm32l0xx_hal.o
 .debug_macro   0x000014b9       0x10 Drivers/STM32L0xx_HAL_Driver/Src/stm32l0xx_hal.o
 .debug_macro   0x000014c9       0x35 Drivers/STM32L0xx_HAL_Driver/Src/stm32l0xx_hal.o
 .debug_macro   0x000014fe       0x16 Drivers/STM32L0xx_HAL_Driver/Src/stm32l0xx_hal.o
 .debug_macro   0x00001514       0x16 Drivers/STM32L0xx_HAL_Driver/Src/stm32l0xx_hal.o
 .debug_macro   0x0000152a       0x29 Drivers/STM32L0xx_HAL_Driver/Src/stm32l0xx_hal.o
 .debug_macro   0x00001553       0x4c Drivers/STM32L0xx_HAL_Driver/Src/stm32l0xx_hal.o
 .debug_macro   0x0000159f       0xa3 Drivers/STM32L0xx_HAL_Driver/Src/stm32l0xx_hal.o
 .debug_macro   0x00001642       0x2e Drivers/STM32L0xx_HAL_Driver/Src/stm32l0xx_hal.o
 .debug_macro   0x00001670       0x28 Drivers/STM32L0xx_HAL_Driver/Src/stm32l0xx_hal.o
 .debug_macro   0x00001698       0xfd Drivers/STM32L0xx_HAL_Driver/Src/stm32l0xx_hal.o
 .debug_macro   0x00001795       0x5e Drivers/STM32L0xx_HAL_Driver/Src/stm32l0xx_hal.o
 .debug_macro   0x000017f3      0x1df Drivers/STM32L0xx_HAL_Driver/Src/stm32l0xx_hal.o
 .debug_macro   0x000019d2       0x34 Drivers/STM32L0xx_HAL_Driver/Src/stm32l0xx_hal.o
 .debug_macro   0x00001a06       0x26 Drivers/STM32L0xx_HAL_Driver/Src/stm32l0xx_hal.o
 .debug_macro   0x00001a2c      0x44f Drivers/STM32L0xx_HAL_Driver/Src/stm32l0xx_hal.o
 .debug_macro   0x00001e7b     0x9cc0 Drivers/STM32L0xx_HAL_Driver/Src/stm32l0xx_hal.o
 .debug_macro   0x0000bb3b       0x3c Drivers/STM32L0xx_HAL_Driver/Src/stm32l0xx_hal.o
 .debug_macro   0x0000bb77     0x34a2 Drivers/STM32L0xx_HAL_Driver/Src/stm32l0xx_hal.o
 .debug_macro   0x0000f019       0x1c Drivers/STM32L0xx_HAL_Driver/Src/stm32l0xx_hal.o
 .debug_macro   0x0000f035       0x10 Drivers/STM32L0xx_HAL_Driver/Src/stm32l0xx_hal.o
 .debug_macro   0x0000f045       0x10 Drivers/STM32L0xx_HAL_Driver/Src/stm32l0xx_hal.o
 .debug_macro   0x0000f055       0x1c Drivers/STM32L0xx_HAL_Driver/Src/stm32l0xx_hal.o
 .debug_macro   0x0000f071       0x52 Drivers/STM32L0xx_HAL_Driver/Src/stm32l0xx_hal.o
 .debug_macro   0x0000f0c3       0x40 Drivers/STM32L0xx_HAL_Driver/Src/stm32l0xx_hal.o
 .debug_macro   0x0000f103       0x10 Drivers/STM32L0xx_HAL_Driver/Src/stm32l0xx_hal.o
 .debug_macro   0x0000f113       0x40 Drivers/STM32L0xx_HAL_Driver/Src/stm32l0xx_hal.o
 .debug_macro   0x0000f153       0xd7 Drivers/STM32L0xx_HAL_Driver/Src/stm32l0xx_hal.o
 .debug_macro   0x0000f22a       0x16 Drivers/STM32L0xx_HAL_Driver/Src/stm32l0xx_hal.o
 .debug_macro   0x0000f240      0x18b Drivers/STM32L0xx_HAL_Driver/Src/stm32l0xx_hal.o
 .debug_macro   0x0000f3cb       0x50 Drivers/STM32L0xx_HAL_Driver/Src/stm32l0xx_hal.o
 .debug_macro   0x0000f41b      0x8e0 Drivers/STM32L0xx_HAL_Driver/Src/stm32l0xx_hal.o
 .debug_macro   0x0000fcfb      0x9d4 Drivers/STM32L0xx_HAL_Driver/Src/stm32l0xx_hal.o
 .debug_macro   0x000106cf      0x14d Drivers/STM32L0xx_HAL_Driver/Src/stm32l0xx_hal.o
 .debug_macro   0x0001081c      0x184 Drivers/STM32L0xx_HAL_Driver/Src/stm32l0xx_hal.o
 .debug_macro   0x000109a0      0x279 Drivers/STM32L0xx_HAL_Driver/Src/stm32l0xx_hal.o
 .debug_macro   0x00010c19      0x1ef Drivers/STM32L0xx_HAL_Driver/Src/stm32l0xx_hal.o
 .debug_macro   0x00010e08      0x12a Drivers/STM32L0xx_HAL_Driver/Src/stm32l0xx_hal.o
 .debug_macro   0x00010f32      0x2b6 Drivers/STM32L0xx_HAL_Driver/Src/stm32l0xx_hal.o
 .debug_macro   0x000111e8      0x202 Drivers/STM32L0xx_HAL_Driver/Src/stm32l0xx_hal.o
 .debug_macro   0x000113ea       0x5b Drivers/STM32L0xx_HAL_Driver/Src/stm32l0xx_hal.o
 .debug_macro   0x00011445       0x90 Drivers/STM32L0xx_HAL_Driver/Src/stm32l0xx_hal.o
 .debug_macro   0x000114d5      0x189 Drivers/STM32L0xx_HAL_Driver/Src/stm32l0xx_hal.o
 .debug_macro   0x0001165e       0x16 Drivers/STM32L0xx_HAL_Driver/Src/stm32l0xx_hal.o
 .debug_macro   0x00011674      0x30c Drivers/STM32L0xx_HAL_Driver/Src/stm32l0xx_hal.o
 .debug_macro   0x00011980      0x3f1 Drivers/STM32L0xx_HAL_Driver/Src/stm32l0xx_hal.o
 .debug_macro   0x00011d71       0xdd Drivers/STM32L0xx_HAL_Driver/Src/stm32l0xx_hal.o
 .debug_macro   0x00011e4e      0x54a Drivers/STM32L0xx_HAL_Driver/Src/stm32l0xx_hal.o
 .debug_macro   0x00012398       0x44 Drivers/STM32L0xx_HAL_Driver/Src/stm32l0xx_hal.o
 .debug_macro   0x000123dc      0x280 Drivers/STM32L0xx_HAL_Driver/Src/stm32l0xx_hal.o
 .debug_macro   0x0001265c       0x10 Drivers/STM32L0xx_HAL_Driver/Src/stm32l0xx_hal.o
 .debug_macro   0x0001266c      0x165 Drivers/STM32L0xx_HAL_Driver/Src/stm32l0xx_hal.o
 .debug_macro   0x000127d1      0x371 Drivers/STM32L0xx_HAL_Driver/Src/stm32l0xx_hal_cortex.o
 .debug_macro   0x00012b42      0x3aa Drivers/STM32L0xx_HAL_Driver/Src/stm32l0xx_hal_gpio.o
 .debug_macro   0x00012eec      0x43d Drivers/STM32L0xx_HAL_Driver/Src/stm32l0xx_hal_i2c.o
 .debug_macro   0x00013329      0x371 Drivers/STM32L0xx_HAL_Driver/Src/stm32l0xx_hal_i2c_ex.o
 .debug_macro   0x0001369a      0x380 Drivers/STM32L0xx_HAL_Driver/Src/stm32l0xx_hal_irda.o
 .debug_macro   0x00013a1a      0x389 Drivers/STM32L0xx_HAL_Driver/Src/stm32l0xx_hal_pwr.o
 .debug_macro   0x00013da3      0x3bf Drivers/STM32L0xx_HAL_Driver/Src/stm32l0xx_hal_rcc.o
 .debug_macro   0x00014162      0x383 Drivers/STM32L0xx_HAL_Driver/Src/stm32l0xx_hal_rcc_ex.o
 .debug_macro   0x000144e5      0x371 Drivers/STM32L0xx_HAL_Driver/Src/stm32l0xx_hal_rtc.o
 .debug_macro   0x00014856      0x371 Drivers/STM32L0xx_HAL_Driver/Src/stm32l0xx_hal_rtc_ex.o
 .debug_macro   0x00014bc7      0x383 Drivers/STM32L0xx_HAL_Driver/Src/stm32l0xx_hal_uart.o
 .debug_macro   0x00014f4a      0x22f Middlewares/Third_Party/FreeRTOS/Source/CMSIS_RTOS/cmsis_os.o
 .debug_macro   0x00015179       0xd2 Middlewares/Third_Party/FreeRTOS/Source/CMSIS_RTOS/cmsis_os.o
 .debug_macro   0x0001524b      0x168 Middlewares/Third_Party/FreeRTOS/Source/CMSIS_RTOS/cmsis_os.o
 .debug_macro   0x000153b3       0xb6 Middlewares/Third_Party/FreeRTOS/Source/CMSIS_RTOS/cmsis_os.o
 .debug_macro   0x00015469       0x10 Middlewares/Third_Party/FreeRTOS/Source/CMSIS_RTOS/cmsis_os.o
 .debug_macro   0x00015479       0x1f Middlewares/Third_Party/FreeRTOS/Source/CMSIS_RTOS/cmsis_os.o
 .debug_macro   0x00015498      0x416 Middlewares/Third_Party/FreeRTOS/Source/CMSIS_RTOS/cmsis_os.o
 .debug_macro   0x000158ae       0xc0 Middlewares/Third_Party/FreeRTOS/Source/CMSIS_RTOS/cmsis_os.o
 .debug_macro   0x0001596e       0x8c Middlewares/Third_Party/FreeRTOS/Source/CMSIS_RTOS/cmsis_os.o
 .debug_macro   0x000159fa       0x91 Middlewares/Third_Party/FreeRTOS/Source/CMSIS_RTOS/cmsis_os.o
 .debug_macro   0x00015a8b       0x94 Middlewares/Third_Party/FreeRTOS/Source/CMSIS_RTOS/cmsis_os.o
 .debug_macro   0x00015b1f       0x63 Middlewares/Third_Party/FreeRTOS/Source/CMSIS_RTOS/cmsis_os.o
 .debug_macro   0x00015b82       0xcf Middlewares/Third_Party/FreeRTOS/Source/CMSIS_RTOS/cmsis_os.o
 .debug_macro   0x00015c51      0x1b2 Middlewares/Third_Party/FreeRTOS/Source/list.o
 .debug_macro   0x00015e03      0x207 Middlewares/Third_Party/FreeRTOS/Source/queue.o
 .debug_macro   0x0001600a       0x52 Middlewares/Third_Party/FreeRTOS/Source/queue.o
 .debug_macro   0x0001605c      0x271 Middlewares/Third_Party/FreeRTOS/Source/tasks.o
 .debug_macro   0x000162cd       0x11 Middlewares/Third_Party/FreeRTOS/Source/tasks.o
 .debug_macro   0x000162de      0x239 Middlewares/Third_Party/FreeRTOS/Source/portable/GCC/ARM_CM0/port.o
 .debug_macro   0x00016517      0x1d9 Middlewares/Third_Party/FreeRTOS/Source/portable/MemMang/heap_4.o
 .debug_macro   0x000166f0      0x387 Src/HTS221.o
 .debug_macro   0x00016a77       0x22 Src/HTS221.o
 .debug_macro   0x00016a99       0x3a Src/HTS221.o
 .debug_macro   0x00016ad3      0x160 Src/HTS221.o
 .debug_macro   0x00016c33      0x43d Src/main.o
 .debug_macro   0x00017070       0xd8 Src/main.o
 .debug_macro   0x00017148      0x371 Src/stm32l0xx_hal_msp.o
 .debug_macro   0x000174b9      0x431 Src/stm32l0xx_it.o
 .debug_macro   0x000178ea      0x37d Src/system_stm32l0xx.o

.debug_line     0x00000000    0x106dc
 .debug_line    0x00000000      0xa0f Drivers/STM32L0xx_HAL_Driver/Src/stm32l0xx_hal.o
 .debug_line    0x00000a0f      0x9c4 Drivers/STM32L0xx_HAL_Driver/Src/stm32l0xx_hal_cortex.o
 .debug_line    0x000013d3      0x989 Drivers/STM32L0xx_HAL_Driver/Src/stm32l0xx_hal_gpio.o
 .debug_line    0x00001d5c     0x18c2 Drivers/STM32L0xx_HAL_Driver/Src/stm32l0xx_hal_i2c.o
 .debug_line    0x0000361e      0x98a Drivers/STM32L0xx_HAL_Driver/Src/stm32l0xx_hal_i2c_ex.o
 .debug_line    0x00003fa8     0x1063 Drivers/STM32L0xx_HAL_Driver/Src/stm32l0xx_hal_irda.o
 .debug_line    0x0000500b      0x9ba Drivers/STM32L0xx_HAL_Driver/Src/stm32l0xx_hal_pwr.o
 .debug_line    0x000059c5      0xb42 Drivers/STM32L0xx_HAL_Driver/Src/stm32l0xx_hal_rcc.o
 .debug_line    0x00006507      0xb41 Drivers/STM32L0xx_HAL_Driver/Src/stm32l0xx_hal_rcc_ex.o
 .debug_line    0x00007048      0xbd5 Drivers/STM32L0xx_HAL_Driver/Src/stm32l0xx_hal_rtc.o
 .debug_line    0x00007c1d      0xeba Drivers/STM32L0xx_HAL_Driver/Src/stm32l0xx_hal_rtc_ex.o
 .debug_line    0x00008ad7     0x12e5 Drivers/STM32L0xx_HAL_Driver/Src/stm32l0xx_hal_uart.o
 .debug_line    0x00009dbc      0xb9f Middlewares/Third_Party/FreeRTOS/Source/CMSIS_RTOS/cmsis_os.o
 .debug_line    0x0000a95b      0x589 Middlewares/Third_Party/FreeRTOS/Source/list.o
 .debug_line    0x0000aee4      0xab4 Middlewares/Third_Party/FreeRTOS/Source/queue.o
 .debug_line    0x0000b998      0xf22 Middlewares/Third_Party/FreeRTOS/Source/tasks.o
 .debug_line    0x0000c8ba      0x650 Middlewares/Third_Party/FreeRTOS/Source/portable/GCC/ARM_CM0/port.o
 .debug_line    0x0000cf0a      0x638 Middlewares/Third_Party/FreeRTOS/Source/portable/MemMang/heap_4.o
 .debug_line    0x0000d542      0x915 Src/HTS221.o
 .debug_line    0x0000de57      0xc78 Src/main.o
 .debug_line    0x0000eacf      0x8e8 Src/stm32l0xx_hal_msp.o
 .debug_line    0x0000f3b7      0xa40 Src/stm32l0xx_it.o
 .debug_line    0x0000fdf7      0x862 Src/system_stm32l0xx.o
 .debug_line    0x00010659       0x83 startup/startup_stm32l053xx.o

.debug_str      0x00000000    0x866fa
 .debug_str     0x00000000    0x7a448 Drivers/STM32L0xx_HAL_Driver/Src/stm32l0xx_hal.o
                              0x7a861 (size before relaxing)
 .debug_str     0x0007a448      0x28f Drivers/STM32L0xx_HAL_Driver/Src/stm32l0xx_hal_cortex.o
                              0x7a673 (size before relaxing)
 .debug_str     0x0007a6d7      0x2c1 Drivers/STM32L0xx_HAL_Driver/Src/stm32l0xx_hal_gpio.o
                              0x7a506 (size before relaxing)
 .debug_str     0x0007a998     0x11a2 Drivers/STM32L0xx_HAL_Driver/Src/stm32l0xx_hal_i2c.o
                              0x7b3cc (size before relaxing)
 .debug_str     0x0007bb3a       0xb8 Drivers/STM32L0xx_HAL_Driver/Src/stm32l0xx_hal_i2c_ex.o
                              0x7a7d3 (size before relaxing)
 .debug_str     0x0007bbf2      0x775 Drivers/STM32L0xx_HAL_Driver/Src/stm32l0xx_hal_irda.o
                              0x7ac14 (size before relaxing)
 .debug_str     0x0007c367      0x2ac Drivers/STM32L0xx_HAL_Driver/Src/stm32l0xx_hal_pwr.o
                              0x7a4de (size before relaxing)
 .debug_str     0x0007c613      0x4e3 Drivers/STM32L0xx_HAL_Driver/Src/stm32l0xx_hal_rcc.o
                              0x7a87e (size before relaxing)
 .debug_str     0x0007caf6      0x4a9 Drivers/STM32L0xx_HAL_Driver/Src/stm32l0xx_hal_rcc_ex.o
                              0x7a7c7 (size before relaxing)
 .debug_str     0x0007cf9f      0x439 Drivers/STM32L0xx_HAL_Driver/Src/stm32l0xx_hal_rtc.o
                              0x7a65c (size before relaxing)
 .debug_str     0x0007d3d8      0x51a Drivers/STM32L0xx_HAL_Driver/Src/stm32l0xx_hal_rtc_ex.o
                              0x7a981 (size before relaxing)
 .debug_str     0x0007d8f2      0x924 Drivers/STM32L0xx_HAL_Driver/Src/stm32l0xx_hal_uart.o
                              0x7af3b (size before relaxing)
 .debug_str     0x0007e216     0x5977 Middlewares/Third_Party/FreeRTOS/Source/CMSIS_RTOS/cmsis_os.o
                               0xb993 (size before relaxing)
 .debug_str     0x00083b8d      0x148 Middlewares/Third_Party/FreeRTOS/Source/list.o
                               0x8cdb (size before relaxing)
 .debug_str     0x00083cd5      0x7c0 Middlewares/Third_Party/FreeRTOS/Source/queue.o
                               0xa3ff (size before relaxing)
 .debug_str     0x00084495     0x1098 Middlewares/Third_Party/FreeRTOS/Source/tasks.o
                               0xaef7 (size before relaxing)
 .debug_str     0x0008552d      0x3e1 Middlewares/Third_Party/FreeRTOS/Source/portable/GCC/ARM_CM0/port.o
                               0x9652 (size before relaxing)
 .debug_str     0x0008590e      0x243 Middlewares/Third_Party/FreeRTOS/Source/portable/MemMang/heap_4.o
                               0x93e8 (size before relaxing)
 .debug_str     0x00085b51      0x742 Src/HTS221.o
                              0x7ada5 (size before relaxing)
 .debug_str     0x00086293      0x3a1 Src/main.o
                              0x80cfa (size before relaxing)
 .debug_str     0x00086634       0x1b Src/stm32l0xx_hal_msp.o
                              0x7ae4e (size before relaxing)
 .debug_str     0x0008664f       0x47 Src/stm32l0xx_it.o
                              0x7f63c (size before relaxing)
 .debug_str     0x00086696       0x64 Src/system_stm32l0xx.o
                              0x7a29b (size before relaxing)

.comment        0x00000000       0x6e
 .comment       0x00000000       0x6e Drivers/STM32L0xx_HAL_Driver/Src/stm32l0xx_hal.o
                                 0x6f (size before relaxing)
 .comment       0x0000006e       0x6f Drivers/STM32L0xx_HAL_Driver/Src/stm32l0xx_hal_cortex.o
 .comment       0x0000006e       0x6f Drivers/STM32L0xx_HAL_Driver/Src/stm32l0xx_hal_gpio.o
 .comment       0x0000006e       0x6f Drivers/STM32L0xx_HAL_Driver/Src/stm32l0xx_hal_i2c.o
 .comment       0x0000006e       0x6f Drivers/STM32L0xx_HAL_Driver/Src/stm32l0xx_hal_i2c_ex.o
 .comment       0x0000006e       0x6f Drivers/STM32L0xx_HAL_Driver/Src/stm32l0xx_hal_irda.o
 .comment       0x0000006e       0x6f Drivers/STM32L0xx_HAL_Driver/Src/stm32l0xx_hal_pwr.o
 .comment       0x0000006e       0x6f Drivers/STM32L0xx_HAL_Driver/Src/stm32l0xx_hal_rcc.o
 .comment       0x0000006e       0x6f Drivers/STM32L0xx_HAL_Driver/Src/stm32l0xx_hal_rcc_ex.o
 .comment       0x0000006e       0x6f Drivers/STM32L0xx_HAL_Driver/Src/stm32l0xx_hal_rtc.o
 .comment       0x0000006e       0x6f Drivers/STM32L0xx_HAL_Driver/Src/stm32l0xx_hal_rtc_ex.o
 .comment       0x0000006e       0x6f Drivers/STM32L0xx_HAL_Driver/Src/stm32l0xx_hal_uart.o
 .comment       0x0000006e       0x6f Middlewares/Third_Party/FreeRTOS/Source/CMSIS_RTOS/cmsis_os.o
 .comment       0x0000006e       0x6f Middlewares/Third_Party/FreeRTOS/Source/list.o
 .comment       0x0000006e       0x6f Middlewares/Third_Party/FreeRTOS/Source/queue.o
 .comment       0x0000006e       0x6f Middlewares/Third_Party/FreeRTOS/Source/tasks.o
 .comment       0x0000006e       0x6f Middlewares/Third_Party/FreeRTOS/Source/portable/GCC/ARM_CM0/port.o
 .comment       0x0000006e       0x6f Middlewares/Third_Party/FreeRTOS/Source/portable/MemMang/heap_4.o
 .comment       0x0000006e       0x6f Src/HTS221.o
 .comment       0x0000006e       0x6f Src/main.o
 .comment       0x0000006e       0x6f Src/stm32l0xx_hal_msp.o
 .comment       0x0000006e       0x6f Src/stm32l0xx_it.o
 .comment       0x0000006e       0x6f Src/system_stm32l0xx.o

.debug_frame    0x00000000     0x3560
 .debug_frame   0x00000000      0x1c4 Drivers/STM32L0xx_HAL_Driver/Src/stm32l0xx_hal.o
 .debug_frame   0x000001c4       0xfc Drivers/STM32L0xx_HAL_Driver/Src/stm32l0xx_hal_cortex.o
 .debug_frame   0x000002c0       0xc8 Drivers/STM32L0xx_HAL_Driver/Src/stm32l0xx_hal_gpio.o
 .debug_frame   0x00000388      0x784 Drivers/STM32L0xx_HAL_Driver/Src/stm32l0xx_hal_i2c.o
 .debug_frame   0x00000b0c       0xa8 Drivers/STM32L0xx_HAL_Driver/Src/stm32l0xx_hal_i2c_ex.o
 .debug_frame   0x00000bb4      0x444 Drivers/STM32L0xx_HAL_Driver/Src/stm32l0xx_hal_irda.o
 .debug_frame   0x00000ff8      0x138 Drivers/STM32L0xx_HAL_Driver/Src/stm32l0xx_hal_pwr.o
 .debug_frame   0x00001130      0x150 Drivers/STM32L0xx_HAL_Driver/Src/stm32l0xx_hal_rcc.o
 .debug_frame   0x00001280      0x170 Drivers/STM32L0xx_HAL_Driver/Src/stm32l0xx_hal_rcc_ex.o
 .debug_frame   0x000013f0      0x204 Drivers/STM32L0xx_HAL_Driver/Src/stm32l0xx_hal_rtc.o
 .debug_frame   0x000015f4      0x360 Drivers/STM32L0xx_HAL_Driver/Src/stm32l0xx_hal_rtc_ex.o
 .debug_frame   0x00001954      0x540 Drivers/STM32L0xx_HAL_Driver/Src/stm32l0xx_hal_uart.o
 .debug_frame   0x00001e94      0x540 Middlewares/Third_Party/FreeRTOS/Source/CMSIS_RTOS/cmsis_os.o
 .debug_frame   0x000023d4       0x6c Middlewares/Third_Party/FreeRTOS/Source/list.o
 .debug_frame   0x00002440      0x358 Middlewares/Third_Party/FreeRTOS/Source/queue.o
 .debug_frame   0x00002798      0x570 Middlewares/Third_Party/FreeRTOS/Source/tasks.o
 .debug_frame   0x00002d08      0x110 Middlewares/Third_Party/FreeRTOS/Source/portable/GCC/ARM_CM0/port.o
 .debug_frame   0x00002e18       0xa8 Middlewares/Third_Party/FreeRTOS/Source/portable/MemMang/heap_4.o
 .debug_frame   0x00002ec0      0x124 Src/HTS221.o
 .debug_frame   0x00002fe4      0x168 Src/main.o
 .debug_frame   0x0000314c       0xd8 Src/stm32l0xx_hal_msp.o
 .debug_frame   0x00003224       0x40 Src/stm32l0xx_it.o
 .debug_frame   0x00003264       0x38 Src/system_stm32l0xx.o
 .debug_frame   0x0000329c       0x20 c:/ac6/systemworkbench/plugins/fr.ac6.mcu.externaltools.arm-none.win32_1.13.3.201707031232/tools/compiler/bin/../lib/gcc/arm-none-eabi/5.4.1/armv6-m\libgcc.a(_udivsi3.o)
 .debug_frame   0x000032bc       0x3c c:/ac6/systemworkbench/plugins/fr.ac6.mcu.externaltools.arm-none.win32_1.13.3.201707031232/tools/compiler/bin/../lib/gcc/arm-none-eabi/5.4.1/armv6-m\libgcc.a(_udivmoddi4.o)
 .debug_frame   0x000032f8       0x3c c:/ac6/systemworkbench/plugins/fr.ac6.mcu.externaltools.arm-none.win32_1.13.3.201707031232/tools/compiler/bin/../lib/gcc/arm-none-eabi/5.4.1/armv6-m\libgcc.a(adddf3.o)
 .debug_frame   0x00003334       0x3c c:/ac6/systemworkbench/plugins/fr.ac6.mcu.externaltools.arm-none.win32_1.13.3.201707031232/tools/compiler/bin/../lib/gcc/arm-none-eabi/5.4.1/armv6-m\libgcc.a(divdf3.o)
 .debug_frame   0x00003370       0x3c c:/ac6/systemworkbench/plugins/fr.ac6.mcu.externaltools.arm-none.win32_1.13.3.201707031232/tools/compiler/bin/../lib/gcc/arm-none-eabi/5.4.1/armv6-m\libgcc.a(muldf3.o)
 .debug_frame   0x000033ac       0x38 c:/ac6/systemworkbench/plugins/fr.ac6.mcu.externaltools.arm-none.win32_1.13.3.201707031232/tools/compiler/bin/../lib/gcc/arm-none-eabi/5.4.1/armv6-m\libgcc.a(subdf3.o)
 .debug_frame   0x000033e4       0x2c c:/ac6/systemworkbench/plugins/fr.ac6.mcu.externaltools.arm-none.win32_1.13.3.201707031232/tools/compiler/bin/../lib/gcc/arm-none-eabi/5.4.1/armv6-m\libgcc.a(fixdfsi.o)
 .debug_frame   0x00003410       0x2c c:/ac6/systemworkbench/plugins/fr.ac6.mcu.externaltools.arm-none.win32_1.13.3.201707031232/tools/compiler/bin/../lib/gcc/arm-none-eabi/5.4.1/armv6-m\libgcc.a(floatsidf.o)
 .debug_frame   0x0000343c       0x2c c:/ac6/systemworkbench/plugins/fr.ac6.mcu.externaltools.arm-none.win32_1.13.3.201707031232/tools/compiler/bin/../lib/gcc/arm-none-eabi/5.4.1/../../../../arm-none-eabi/lib/armv6-m\libc_nano.a(lib_a-init.o)
 .debug_frame   0x00003468       0x40 c:/ac6/systemworkbench/plugins/fr.ac6.mcu.externaltools.arm-none.win32_1.13.3.201707031232/tools/compiler/bin/../lib/gcc/arm-none-eabi/5.4.1/../../../../arm-none-eabi/lib/armv6-m\libc_nano.a(lib_a-itoa.o)
 .debug_frame   0x000034a8       0x28 c:/ac6/systemworkbench/plugins/fr.ac6.mcu.externaltools.arm-none.win32_1.13.3.201707031232/tools/compiler/bin/../lib/gcc/arm-none-eabi/5.4.1/../../../../arm-none-eabi/lib/armv6-m\libc_nano.a(lib_a-memcpy-stub.o)
 .debug_frame   0x000034d0       0x20 c:/ac6/systemworkbench/plugins/fr.ac6.mcu.externaltools.arm-none.win32_1.13.3.201707031232/tools/compiler/bin/../lib/gcc/arm-none-eabi/5.4.1/../../../../arm-none-eabi/lib/armv6-m\libc_nano.a(lib_a-memset.o)
 .debug_frame   0x000034f0       0x28 c:/ac6/systemworkbench/plugins/fr.ac6.mcu.externaltools.arm-none.win32_1.13.3.201707031232/tools/compiler/bin/../lib/gcc/arm-none-eabi/5.4.1/../../../../arm-none-eabi/lib/armv6-m\libc_nano.a(lib_a-strcat.o)
 .debug_frame   0x00003518       0x48 c:/ac6/systemworkbench/plugins/fr.ac6.mcu.externaltools.arm-none.win32_1.13.3.201707031232/tools/compiler/bin/../lib/gcc/arm-none-eabi/5.4.1/../../../../arm-none-eabi/lib/armv6-m\libc_nano.a(lib_a-utoa.o)
